Startpoint: __dut__.__uuf__._3302_
            (rising edge-triggered flip-flop clocked by clock)
Endpoint: __dut__.__uuf__._3303_
          (rising edge-triggered flip-flop clocked by clock)
Path Group: clock
Path Type: min

  Delay    Time   Description
---------------------------------------------------------
   0.00    0.00   clock clock (rise edge)
   0.00    0.00   clock network delay (ideal)
   0.00    0.00 ^ __dut__.__uuf__._3302_/CLK (sky130_fd_sc_hd__dfxtp_1)
   0.29    0.29 ^ __dut__.__uuf__._3302_/Q (sky130_fd_sc_hd__dfxtp_1)
   0.11    0.40 ^ __dut__._1182_/X (sky130_fd_sc_hd__mux2_1)
   0.00    0.40 ^ __dut__.__uuf__._3303_/D (sky130_fd_sc_hd__dfxtp_1)
           0.40   data arrival time

   0.00    0.00   clock clock (rise edge)
   0.00    0.00   clock network delay (ideal)
   0.10    0.10   clock uncertainty
   0.00    0.10   clock reconvergence pessimism
           0.10 ^ __dut__.__uuf__._3303_/CLK (sky130_fd_sc_hd__dfxtp_1)
  -0.04    0.06   library hold time
           0.06   data required time
---------------------------------------------------------
           0.06   data required time
          -0.40   data arrival time
---------------------------------------------------------
           0.33   slack (MET)


Startpoint: __dut__.__uuf__._2761_
            (rising edge-triggered flip-flop clocked by clock)
Endpoint: __dut__.__uuf__._2762_
          (rising edge-triggered flip-flop clocked by clock)
Path Group: clock
Path Type: min

  Delay    Time   Description
---------------------------------------------------------
   0.00    0.00   clock clock (rise edge)
   0.00    0.00   clock network delay (ideal)
   0.00    0.00 ^ __dut__.__uuf__._2761_/CLK (sky130_fd_sc_hd__dfxtp_1)
   0.30    0.30 ^ __dut__.__uuf__._2761_/Q (sky130_fd_sc_hd__dfxtp_1)
   0.11    0.41 ^ __dut__._0641_/X (sky130_fd_sc_hd__mux2_1)
   0.00    0.41 ^ __dut__.__uuf__._2762_/D (sky130_fd_sc_hd__dfxtp_1)
           0.41   data arrival time

   0.00    0.00   clock clock (rise edge)
   0.00    0.00   clock network delay (ideal)
   0.10    0.10   clock uncertainty
   0.00    0.10   clock reconvergence pessimism
           0.10 ^ __dut__.__uuf__._2762_/CLK (sky130_fd_sc_hd__dfxtp_1)
  -0.04    0.06   library hold time
           0.06   data required time
---------------------------------------------------------
           0.06   data required time
          -0.41   data arrival time
---------------------------------------------------------
           0.35   slack (MET)


Startpoint: __dut__.__uuf__._2934_
            (rising edge-triggered flip-flop clocked by clock)
Endpoint: __dut__.__uuf__._2935_
          (rising edge-triggered flip-flop clocked by clock)
Path Group: clock
Path Type: min

  Delay    Time   Description
---------------------------------------------------------
   0.00    0.00   clock clock (rise edge)
   0.00    0.00   clock network delay (ideal)
   0.00    0.00 ^ __dut__.__uuf__._2934_/CLK (sky130_fd_sc_hd__dfxtp_1)
   0.30    0.30 ^ __dut__.__uuf__._2934_/Q (sky130_fd_sc_hd__dfxtp_1)
   0.11    0.41 ^ __dut__._0814_/X (sky130_fd_sc_hd__mux2_1)
   0.00    0.41 ^ __dut__.__uuf__._2935_/D (sky130_fd_sc_hd__dfxtp_1)
           0.41   data arrival time

   0.00    0.00   clock clock (rise edge)
   0.00    0.00   clock network delay (ideal)
   0.10    0.10   clock uncertainty
   0.00    0.10   clock reconvergence pessimism
           0.10 ^ __dut__.__uuf__._2935_/CLK (sky130_fd_sc_hd__dfxtp_1)
  -0.04    0.06   library hold time
           0.06   data required time
---------------------------------------------------------
           0.06   data required time
          -0.41   data arrival time
---------------------------------------------------------
           0.35   slack (MET)


Startpoint: __dut__.__uuf__._2762_
            (rising edge-triggered flip-flop clocked by clock)
Endpoint: __dut__.__uuf__._2763_
          (rising edge-triggered flip-flop clocked by clock)
Path Group: clock
Path Type: min

  Delay    Time   Description
---------------------------------------------------------
   0.00    0.00   clock clock (rise edge)
   0.00    0.00   clock network delay (ideal)
   0.00    0.00 ^ __dut__.__uuf__._2762_/CLK (sky130_fd_sc_hd__dfxtp_1)
   0.30    0.30 ^ __dut__.__uuf__._2762_/Q (sky130_fd_sc_hd__dfxtp_1)
   0.11    0.41 ^ __dut__._0642_/X (sky130_fd_sc_hd__mux2_1)
   0.00    0.41 ^ __dut__.__uuf__._2763_/D (sky130_fd_sc_hd__dfxtp_1)
           0.41   data arrival time

   0.00    0.00   clock clock (rise edge)
   0.00    0.00   clock network delay (ideal)
   0.10    0.10   clock uncertainty
   0.00    0.10   clock reconvergence pessimism
           0.10 ^ __dut__.__uuf__._2763_/CLK (sky130_fd_sc_hd__dfxtp_1)
  -0.04    0.06   library hold time
           0.06   data required time
---------------------------------------------------------
           0.06   data required time
          -0.41   data arrival time
---------------------------------------------------------
           0.35   slack (MET)


Startpoint: __dut__.__uuf__._2935_
            (rising edge-triggered flip-flop clocked by clock)
Endpoint: __dut__.__uuf__._2936_
          (rising edge-triggered flip-flop clocked by clock)
Path Group: clock
Path Type: min

  Delay    Time   Description
---------------------------------------------------------
   0.00    0.00   clock clock (rise edge)
   0.00    0.00   clock network delay (ideal)
   0.00    0.00 ^ __dut__.__uuf__._2935_/CLK (sky130_fd_sc_hd__dfxtp_1)
   0.30    0.30 ^ __dut__.__uuf__._2935_/Q (sky130_fd_sc_hd__dfxtp_1)
   0.11    0.41 ^ __dut__._0815_/X (sky130_fd_sc_hd__mux2_1)
   0.00    0.41 ^ __dut__.__uuf__._2936_/D (sky130_fd_sc_hd__dfxtp_1)
           0.41   data arrival time

   0.00    0.00   clock clock (rise edge)
   0.00    0.00   clock network delay (ideal)
   0.10    0.10   clock uncertainty
   0.00    0.10   clock reconvergence pessimism
           0.10 ^ __dut__.__uuf__._2936_/CLK (sky130_fd_sc_hd__dfxtp_1)
  -0.04    0.06   library hold time
           0.06   data required time
---------------------------------------------------------
           0.06   data required time
          -0.41   data arrival time
---------------------------------------------------------
           0.35   slack (MET)


Startpoint: __dut__.__uuf__._3307_
            (rising edge-triggered flip-flop clocked by clock)
Endpoint: __dut__.__uuf__._3308_
          (rising edge-triggered flip-flop clocked by clock)
Path Group: clock
Path Type: min

  Delay    Time   Description
---------------------------------------------------------
   0.00    0.00   clock clock (rise edge)
   0.00    0.00   clock network delay (ideal)
   0.00    0.00 ^ __dut__.__uuf__._3307_/CLK (sky130_fd_sc_hd__dfxtp_1)
   0.30    0.30 ^ __dut__.__uuf__._3307_/Q (sky130_fd_sc_hd__dfxtp_1)
   0.11    0.41 ^ __dut__._1187_/X (sky130_fd_sc_hd__mux2_1)
   0.00    0.41 ^ __dut__.__uuf__._3308_/D (sky130_fd_sc_hd__dfxtp_1)
           0.41   data arrival time

   0.00    0.00   clock clock (rise edge)
   0.00    0.00   clock network delay (ideal)
   0.10    0.10   clock uncertainty
   0.00    0.10   clock reconvergence pessimism
           0.10 ^ __dut__.__uuf__._3308_/CLK (sky130_fd_sc_hd__dfxtp_1)
  -0.04    0.06   library hold time
           0.06   data required time
---------------------------------------------------------
           0.06   data required time
          -0.41   data arrival time
---------------------------------------------------------
           0.35   slack (MET)


Startpoint: __dut__.__uuf__._2760_
            (rising edge-triggered flip-flop clocked by clock)
Endpoint: __dut__.__uuf__._2761_
          (rising edge-triggered flip-flop clocked by clock)
Path Group: clock
Path Type: min

  Delay    Time   Description
---------------------------------------------------------
   0.00    0.00   clock clock (rise edge)
   0.00    0.00   clock network delay (ideal)
   0.00    0.00 ^ __dut__.__uuf__._2760_/CLK (sky130_fd_sc_hd__dfxtp_1)
   0.30    0.30 ^ __dut__.__uuf__._2760_/Q (sky130_fd_sc_hd__dfxtp_1)
   0.12    0.42 ^ __dut__._0640_/X (sky130_fd_sc_hd__mux2_1)
   0.00    0.42 ^ __dut__.__uuf__._2761_/D (sky130_fd_sc_hd__dfxtp_1)
           0.42   data arrival time

   0.00    0.00   clock clock (rise edge)
   0.00    0.00   clock network delay (ideal)
   0.10    0.10   clock uncertainty
   0.00    0.10   clock reconvergence pessimism
           0.10 ^ __dut__.__uuf__._2761_/CLK (sky130_fd_sc_hd__dfxtp_1)
  -0.04    0.06   library hold time
           0.06   data required time
---------------------------------------------------------
           0.06   data required time
          -0.42   data arrival time
---------------------------------------------------------
           0.36   slack (MET)


Startpoint: __dut__.__uuf__._2929_
            (rising edge-triggered flip-flop clocked by clock)
Endpoint: __dut__.__uuf__._2930_
          (rising edge-triggered flip-flop clocked by clock)
Path Group: clock
Path Type: min

  Delay    Time   Description
---------------------------------------------------------
   0.00    0.00   clock clock (rise edge)
   0.00    0.00   clock network delay (ideal)
   0.00    0.00 ^ __dut__.__uuf__._2929_/CLK (sky130_fd_sc_hd__dfxtp_1)
   0.30    0.30 ^ __dut__.__uuf__._2929_/Q (sky130_fd_sc_hd__dfxtp_1)
   0.12    0.42 ^ __dut__._0809_/X (sky130_fd_sc_hd__mux2_1)
   0.00    0.42 ^ __dut__.__uuf__._2930_/D (sky130_fd_sc_hd__dfxtp_1)
           0.42   data arrival time

   0.00    0.00   clock clock (rise edge)
   0.00    0.00   clock network delay (ideal)
   0.10    0.10   clock uncertainty
   0.00    0.10   clock reconvergence pessimism
           0.10 ^ __dut__.__uuf__._2930_/CLK (sky130_fd_sc_hd__dfxtp_1)
  -0.04    0.06   library hold time
           0.06   data required time
---------------------------------------------------------
           0.06   data required time
          -0.42   data arrival time
---------------------------------------------------------
           0.36   slack (MET)


Startpoint: __dut__.__uuf__._3254_
            (rising edge-triggered flip-flop clocked by clock)
Endpoint: __dut__.__uuf__._3255_
          (rising edge-triggered flip-flop clocked by clock)
Path Group: clock
Path Type: min

  Delay    Time   Description
---------------------------------------------------------
   0.00    0.00   clock clock (rise edge)
   0.00    0.00   clock network delay (ideal)
   0.00    0.00 ^ __dut__.__uuf__._3254_/CLK (sky130_fd_sc_hd__dfxtp_1)
   0.30    0.30 ^ __dut__.__uuf__._3254_/Q (sky130_fd_sc_hd__dfxtp_1)
   0.12    0.42 ^ __dut__._1134_/X (sky130_fd_sc_hd__mux2_1)
   0.00    0.42 ^ __dut__.__uuf__._3255_/D (sky130_fd_sc_hd__dfxtp_1)
           0.42   data arrival time

   0.00    0.00   clock clock (rise edge)
   0.00    0.00   clock network delay (ideal)
   0.10    0.10   clock uncertainty
   0.00    0.10   clock reconvergence pessimism
           0.10 ^ __dut__.__uuf__._3255_/CLK (sky130_fd_sc_hd__dfxtp_1)
  -0.04    0.06   library hold time
           0.06   data required time
---------------------------------------------------------
           0.06   data required time
          -0.42   data arrival time
---------------------------------------------------------
           0.36   slack (MET)


Startpoint: __dut__.__uuf__._2928_
            (rising edge-triggered flip-flop clocked by clock)
Endpoint: __dut__.__uuf__._2929_
          (rising edge-triggered flip-flop clocked by clock)
Path Group: clock
Path Type: min

  Delay    Time   Description
---------------------------------------------------------
   0.00    0.00   clock clock (rise edge)
   0.00    0.00   clock network delay (ideal)
   0.00    0.00 ^ __dut__.__uuf__._2928_/CLK (sky130_fd_sc_hd__dfxtp_1)
   0.30    0.30 ^ __dut__.__uuf__._2928_/Q (sky130_fd_sc_hd__dfxtp_1)
   0.12    0.42 ^ __dut__._0808_/X (sky130_fd_sc_hd__mux2_1)
   0.00    0.42 ^ __dut__.__uuf__._2929_/D (sky130_fd_sc_hd__dfxtp_1)
           0.42   data arrival time

   0.00    0.00   clock clock (rise edge)
   0.00    0.00   clock network delay (ideal)
   0.10    0.10   clock uncertainty
   0.00    0.10   clock reconvergence pessimism
           0.10 ^ __dut__.__uuf__._2929_/CLK (sky130_fd_sc_hd__dfxtp_1)
  -0.04    0.06   library hold time
           0.06   data required time
---------------------------------------------------------
           0.06   data required time
          -0.42   data arrival time
---------------------------------------------------------
           0.36   slack (MET)


Startpoint: __dut__.__uuf__._3253_
            (rising edge-triggered flip-flop clocked by clock)
Endpoint: __dut__.__uuf__._3254_
          (rising edge-triggered flip-flop clocked by clock)
Path Group: clock
Path Type: min

  Delay    Time   Description
---------------------------------------------------------
   0.00    0.00   clock clock (rise edge)
   0.00    0.00   clock network delay (ideal)
   0.00    0.00 ^ __dut__.__uuf__._3253_/CLK (sky130_fd_sc_hd__dfxtp_1)
   0.30    0.30 ^ __dut__.__uuf__._3253_/Q (sky130_fd_sc_hd__dfxtp_1)
   0.12    0.42 ^ __dut__._1133_/X (sky130_fd_sc_hd__mux2_1)
   0.00    0.42 ^ __dut__.__uuf__._3254_/D (sky130_fd_sc_hd__dfxtp_1)
           0.42   data arrival time

   0.00    0.00   clock clock (rise edge)
   0.00    0.00   clock network delay (ideal)
   0.10    0.10   clock uncertainty
   0.00    0.10   clock reconvergence pessimism
           0.10 ^ __dut__.__uuf__._3254_/CLK (sky130_fd_sc_hd__dfxtp_1)
  -0.04    0.06   library hold time
           0.06   data required time
---------------------------------------------------------
           0.06   data required time
          -0.42   data arrival time
---------------------------------------------------------
           0.36   slack (MET)


Startpoint: __dut__.__uuf__._3260_
            (rising edge-triggered flip-flop clocked by clock)
Endpoint: __dut__.__uuf__._3261_
          (rising edge-triggered flip-flop clocked by clock)
Path Group: clock
Path Type: min

  Delay    Time   Description
---------------------------------------------------------
   0.00    0.00   clock clock (rise edge)
   0.00    0.00   clock network delay (ideal)
   0.00    0.00 ^ __dut__.__uuf__._3260_/CLK (sky130_fd_sc_hd__dfxtp_1)
   0.30    0.30 ^ __dut__.__uuf__._3260_/Q (sky130_fd_sc_hd__dfxtp_1)
   0.12    0.42 ^ __dut__._1140_/X (sky130_fd_sc_hd__mux2_1)
   0.00    0.42 ^ __dut__.__uuf__._3261_/D (sky130_fd_sc_hd__dfxtp_1)
           0.42   data arrival time

   0.00    0.00   clock clock (rise edge)
   0.00    0.00   clock network delay (ideal)
   0.10    0.10   clock uncertainty
   0.00    0.10   clock reconvergence pessimism
           0.10 ^ __dut__.__uuf__._3261_/CLK (sky130_fd_sc_hd__dfxtp_1)
  -0.04    0.06   library hold time
           0.06   data required time
---------------------------------------------------------
           0.06   data required time
          -0.42   data arrival time
---------------------------------------------------------
           0.36   slack (MET)


Startpoint: __dut__.__uuf__._2757_
            (rising edge-triggered flip-flop clocked by clock)
Endpoint: __dut__.__uuf__._2758_
          (rising edge-triggered flip-flop clocked by clock)
Path Group: clock
Path Type: min

  Delay    Time   Description
---------------------------------------------------------
   0.00    0.00   clock clock (rise edge)
   0.00    0.00   clock network delay (ideal)
   0.00    0.00 ^ __dut__.__uuf__._2757_/CLK (sky130_fd_sc_hd__dfxtp_1)
   0.30    0.30 ^ __dut__.__uuf__._2757_/Q (sky130_fd_sc_hd__dfxtp_1)
   0.12    0.42 ^ __dut__._0637_/X (sky130_fd_sc_hd__mux2_1)
   0.00    0.42 ^ __dut__.__uuf__._2758_/D (sky130_fd_sc_hd__dfxtp_1)
           0.42   data arrival time

   0.00    0.00   clock clock (rise edge)
   0.00    0.00   clock network delay (ideal)
   0.10    0.10   clock uncertainty
   0.00    0.10   clock reconvergence pessimism
           0.10 ^ __dut__.__uuf__._2758_/CLK (sky130_fd_sc_hd__dfxtp_1)
  -0.04    0.06   library hold time
           0.06   data required time
---------------------------------------------------------
           0.06   data required time
          -0.42   data arrival time
---------------------------------------------------------
           0.36   slack (MET)


Startpoint: __dut__.__uuf__._2758_
            (rising edge-triggered flip-flop clocked by clock)
Endpoint: __dut__.__uuf__._2759_
          (rising edge-triggered flip-flop clocked by clock)
Path Group: clock
Path Type: min

  Delay    Time   Description
---------------------------------------------------------
   0.00    0.00   clock clock (rise edge)
   0.00    0.00   clock network delay (ideal)
   0.00    0.00 ^ __dut__.__uuf__._2758_/CLK (sky130_fd_sc_hd__dfxtp_1)
   0.30    0.30 ^ __dut__.__uuf__._2758_/Q (sky130_fd_sc_hd__dfxtp_1)
   0.12    0.42 ^ __dut__._0638_/X (sky130_fd_sc_hd__mux2_1)
   0.00    0.42 ^ __dut__.__uuf__._2759_/D (sky130_fd_sc_hd__dfxtp_1)
           0.42   data arrival time

   0.00    0.00   clock clock (rise edge)
   0.00    0.00   clock network delay (ideal)
   0.10    0.10   clock uncertainty
   0.00    0.10   clock reconvergence pessimism
           0.10 ^ __dut__.__uuf__._2759_/CLK (sky130_fd_sc_hd__dfxtp_1)
  -0.04    0.06   library hold time
           0.06   data required time
---------------------------------------------------------
           0.06   data required time
          -0.42   data arrival time
---------------------------------------------------------
           0.36   slack (MET)


Startpoint: __dut__.__uuf__._2930_
            (rising edge-triggered flip-flop clocked by clock)
Endpoint: __dut__.__uuf__._2931_
          (rising edge-triggered flip-flop clocked by clock)
Path Group: clock
Path Type: min

  Delay    Time   Description
---------------------------------------------------------
   0.00    0.00   clock clock (rise edge)
   0.00    0.00   clock network delay (ideal)
   0.00    0.00 ^ __dut__.__uuf__._2930_/CLK (sky130_fd_sc_hd__dfxtp_1)
   0.30    0.30 ^ __dut__.__uuf__._2930_/Q (sky130_fd_sc_hd__dfxtp_1)
   0.12    0.42 ^ __dut__._0810_/X (sky130_fd_sc_hd__mux2_1)
   0.00    0.42 ^ __dut__.__uuf__._2931_/D (sky130_fd_sc_hd__dfxtp_1)
           0.42   data arrival time

   0.00    0.00   clock clock (rise edge)
   0.00    0.00   clock network delay (ideal)
   0.10    0.10   clock uncertainty
   0.00    0.10   clock reconvergence pessimism
           0.10 ^ __dut__.__uuf__._2931_/CLK (sky130_fd_sc_hd__dfxtp_1)
  -0.04    0.06   library hold time
           0.06   data required time
---------------------------------------------------------
           0.06   data required time
          -0.42   data arrival time
---------------------------------------------------------
           0.36   slack (MET)


Startpoint: __dut__.__uuf__._2931_
            (rising edge-triggered flip-flop clocked by clock)
Endpoint: __dut__.__uuf__._2932_
          (rising edge-triggered flip-flop clocked by clock)
Path Group: clock
Path Type: min

  Delay    Time   Description
---------------------------------------------------------
   0.00    0.00   clock clock (rise edge)
   0.00    0.00   clock network delay (ideal)
   0.00    0.00 ^ __dut__.__uuf__._2931_/CLK (sky130_fd_sc_hd__dfxtp_1)
   0.30    0.30 ^ __dut__.__uuf__._2931_/Q (sky130_fd_sc_hd__dfxtp_1)
   0.12    0.42 ^ __dut__._0811_/X (sky130_fd_sc_hd__mux2_1)
   0.00    0.42 ^ __dut__.__uuf__._2932_/D (sky130_fd_sc_hd__dfxtp_1)
           0.42   data arrival time

   0.00    0.00   clock clock (rise edge)
   0.00    0.00   clock network delay (ideal)
   0.10    0.10   clock uncertainty
   0.00    0.10   clock reconvergence pessimism
           0.10 ^ __dut__.__uuf__._2932_/CLK (sky130_fd_sc_hd__dfxtp_1)
  -0.04    0.06   library hold time
           0.06   data required time
---------------------------------------------------------
           0.06   data required time
          -0.42   data arrival time
---------------------------------------------------------
           0.36   slack (MET)


Startpoint: __dut__.__uuf__._2932_
            (rising edge-triggered flip-flop clocked by clock)
Endpoint: __dut__.__uuf__._2933_
          (rising edge-triggered flip-flop clocked by clock)
Path Group: clock
Path Type: min

  Delay    Time   Description
---------------------------------------------------------
   0.00    0.00   clock clock (rise edge)
   0.00    0.00   clock network delay (ideal)
   0.00    0.00 ^ __dut__.__uuf__._2932_/CLK (sky130_fd_sc_hd__dfxtp_1)
   0.30    0.30 ^ __dut__.__uuf__._2932_/Q (sky130_fd_sc_hd__dfxtp_1)
   0.12    0.42 ^ __dut__._0812_/X (sky130_fd_sc_hd__mux2_1)
   0.00    0.42 ^ __dut__.__uuf__._2933_/D (sky130_fd_sc_hd__dfxtp_1)
           0.42   data arrival time

   0.00    0.00   clock clock (rise edge)
   0.00    0.00   clock network delay (ideal)
   0.10    0.10   clock uncertainty
   0.00    0.10   clock reconvergence pessimism
           0.10 ^ __dut__.__uuf__._2933_/CLK (sky130_fd_sc_hd__dfxtp_1)
  -0.04    0.06   library hold time
           0.06   data required time
---------------------------------------------------------
           0.06   data required time
          -0.42   data arrival time
---------------------------------------------------------
           0.36   slack (MET)


Startpoint: __dut__.__uuf__._2933_
            (rising edge-triggered flip-flop clocked by clock)
Endpoint: __dut__.__uuf__._2934_
          (rising edge-triggered flip-flop clocked by clock)
Path Group: clock
Path Type: min

  Delay    Time   Description
---------------------------------------------------------
   0.00    0.00   clock clock (rise edge)
   0.00    0.00   clock network delay (ideal)
   0.00    0.00 ^ __dut__.__uuf__._2933_/CLK (sky130_fd_sc_hd__dfxtp_1)
   0.30    0.30 ^ __dut__.__uuf__._2933_/Q (sky130_fd_sc_hd__dfxtp_1)
   0.12    0.42 ^ __dut__._0813_/X (sky130_fd_sc_hd__mux2_1)
   0.00    0.42 ^ __dut__.__uuf__._2934_/D (sky130_fd_sc_hd__dfxtp_1)
           0.42   data arrival time

   0.00    0.00   clock clock (rise edge)
   0.00    0.00   clock network delay (ideal)
   0.10    0.10   clock uncertainty
   0.00    0.10   clock reconvergence pessimism
           0.10 ^ __dut__.__uuf__._2934_/CLK (sky130_fd_sc_hd__dfxtp_1)
  -0.04    0.06   library hold time
           0.06   data required time
---------------------------------------------------------
           0.06   data required time
          -0.42   data arrival time
---------------------------------------------------------
           0.36   slack (MET)


Startpoint: __dut__.__uuf__._3255_
            (rising edge-triggered flip-flop clocked by clock)
Endpoint: __dut__.__uuf__._3256_
          (rising edge-triggered flip-flop clocked by clock)
Path Group: clock
Path Type: min

  Delay    Time   Description
---------------------------------------------------------
   0.00    0.00   clock clock (rise edge)
   0.00    0.00   clock network delay (ideal)
   0.00    0.00 ^ __dut__.__uuf__._3255_/CLK (sky130_fd_sc_hd__dfxtp_1)
   0.30    0.30 ^ __dut__.__uuf__._3255_/Q (sky130_fd_sc_hd__dfxtp_1)
   0.12    0.42 ^ __dut__._1135_/X (sky130_fd_sc_hd__mux2_1)
   0.00    0.42 ^ __dut__.__uuf__._3256_/D (sky130_fd_sc_hd__dfxtp_1)
           0.42   data arrival time

   0.00    0.00   clock clock (rise edge)
   0.00    0.00   clock network delay (ideal)
   0.10    0.10   clock uncertainty
   0.00    0.10   clock reconvergence pessimism
           0.10 ^ __dut__.__uuf__._3256_/CLK (sky130_fd_sc_hd__dfxtp_1)
  -0.04    0.06   library hold time
           0.06   data required time
---------------------------------------------------------
           0.06   data required time
          -0.42   data arrival time
---------------------------------------------------------
           0.36   slack (MET)


Startpoint: __dut__.__uuf__._3256_
            (rising edge-triggered flip-flop clocked by clock)
Endpoint: __dut__.__uuf__._3257_
          (rising edge-triggered flip-flop clocked by clock)
Path Group: clock
Path Type: min

  Delay    Time   Description
---------------------------------------------------------
   0.00    0.00   clock clock (rise edge)
   0.00    0.00   clock network delay (ideal)
   0.00    0.00 ^ __dut__.__uuf__._3256_/CLK (sky130_fd_sc_hd__dfxtp_1)
   0.30    0.30 ^ __dut__.__uuf__._3256_/Q (sky130_fd_sc_hd__dfxtp_1)
   0.12    0.42 ^ __dut__._1136_/X (sky130_fd_sc_hd__mux2_1)
   0.00    0.42 ^ __dut__.__uuf__._3257_/D (sky130_fd_sc_hd__dfxtp_1)
           0.42   data arrival time

   0.00    0.00   clock clock (rise edge)
   0.00    0.00   clock network delay (ideal)
   0.10    0.10   clock uncertainty
   0.00    0.10   clock reconvergence pessimism
           0.10 ^ __dut__.__uuf__._3257_/CLK (sky130_fd_sc_hd__dfxtp_1)
  -0.04    0.06   library hold time
           0.06   data required time
---------------------------------------------------------
           0.06   data required time
          -0.42   data arrival time
---------------------------------------------------------
           0.36   slack (MET)


Startpoint: _280_ (rising edge-triggered flip-flop clocked by tck)
Endpoint: _281_ (rising edge-triggered flip-flop clocked by tck)
Path Group: tck
Path Type: min

  Delay    Time   Description
---------------------------------------------------------
   0.00    0.00   clock tck (rise edge)
   0.00    0.00   clock network delay (ideal)
   0.00    0.00 ^ _280_/CLK (sky130_fd_sc_hd__dfxtp_1)
   0.29    0.29 ^ _280_/Q (sky130_fd_sc_hd__dfxtp_1)
   0.00    0.29 ^ _281_/D (sky130_fd_sc_hd__dfxtp_1)
           0.29   data arrival time

   0.00    0.00   clock tck (rise edge)
   0.00    0.00   clock network delay (ideal)
   0.10    0.10   clock uncertainty
   0.00    0.10   clock reconvergence pessimism
           0.10 ^ _281_/CLK (sky130_fd_sc_hd__dfxtp_1)
  -0.04    0.06   library hold time
           0.06   data required time
---------------------------------------------------------
           0.06   data required time
          -0.29   data arrival time
---------------------------------------------------------
           0.22   slack (MET)


Startpoint: _281_ (rising edge-triggered flip-flop clocked by tck)
Endpoint: _282_ (rising edge-triggered flip-flop clocked by tck)
Path Group: tck
Path Type: min

  Delay    Time   Description
---------------------------------------------------------
   0.00    0.00   clock tck (rise edge)
   0.00    0.00   clock network delay (ideal)
   0.00    0.00 ^ _281_/CLK (sky130_fd_sc_hd__dfxtp_1)
   0.29    0.29 ^ _281_/Q (sky130_fd_sc_hd__dfxtp_1)
   0.00    0.29 ^ _282_/D (sky130_fd_sc_hd__dfxtp_1)
           0.29   data arrival time

   0.00    0.00   clock tck (rise edge)
   0.00    0.00   clock network delay (ideal)
   0.10    0.10   clock uncertainty
   0.00    0.10   clock reconvergence pessimism
           0.10 ^ _282_/CLK (sky130_fd_sc_hd__dfxtp_1)
  -0.04    0.06   library hold time
           0.06   data required time
---------------------------------------------------------
           0.06   data required time
          -0.29   data arrival time
---------------------------------------------------------
           0.22   slack (MET)


Startpoint: _282_ (rising edge-triggered flip-flop clocked by tck)
Endpoint: _283_ (rising edge-triggered flip-flop clocked by tck)
Path Group: tck
Path Type: min

  Delay    Time   Description
---------------------------------------------------------
   0.00    0.00   clock tck (rise edge)
   0.00    0.00   clock network delay (ideal)
   0.00    0.00 ^ _282_/CLK (sky130_fd_sc_hd__dfxtp_1)
   0.30    0.30 ^ _282_/Q (sky130_fd_sc_hd__dfxtp_1)
   0.00    0.30 ^ _283_/D (sky130_fd_sc_hd__dfxtp_1)
           0.30   data arrival time

   0.00    0.00   clock tck (rise edge)
   0.00    0.00   clock network delay (ideal)
   0.10    0.10   clock uncertainty
   0.00    0.10   clock reconvergence pessimism
           0.10 ^ _283_/CLK (sky130_fd_sc_hd__dfxtp_1)
  -0.04    0.06   library hold time
           0.06   data required time
---------------------------------------------------------
           0.06   data required time
          -0.30   data arrival time
---------------------------------------------------------
           0.24   slack (MET)


Startpoint: _215_ (rising edge-triggered flip-flop clocked by tck)
Endpoint: _214_ (rising edge-triggered flip-flop clocked by tck)
Path Group: tck
Path Type: min

  Delay    Time   Description
---------------------------------------------------------
   0.00    0.00   clock tck (rise edge)
   0.00    0.00   clock network delay (ideal)
   0.00    0.00 ^ _215_/CLK (sky130_fd_sc_hd__dfxtp_1)
   0.27    0.27 ^ _215_/Q (sky130_fd_sc_hd__dfxtp_1)
   0.08    0.35 ^ _159_/Y (sky130_fd_sc_hd__nand2b_1)
   0.00    0.35 ^ _214_/D (sky130_fd_sc_hd__dfxtp_1)
           0.35   data arrival time

   0.00    0.00   clock tck (rise edge)
   0.00    0.00   clock network delay (ideal)
   0.10    0.10   clock uncertainty
   0.00    0.10   clock reconvergence pessimism
           0.10 ^ _214_/CLK (sky130_fd_sc_hd__dfxtp_1)
  -0.04    0.06   library hold time
           0.06   data required time
---------------------------------------------------------
           0.06   data required time
          -0.35   data arrival time
---------------------------------------------------------
           0.29   slack (MET)


Startpoint: _216_ (rising edge-triggered flip-flop clocked by tck)
Endpoint: _215_ (rising edge-triggered flip-flop clocked by tck)
Path Group: tck
Path Type: min

  Delay    Time   Description
---------------------------------------------------------
   0.00    0.00   clock tck (rise edge)
   0.00    0.00   clock network delay (ideal)
   0.00    0.00 ^ _216_/CLK (sky130_fd_sc_hd__dfxtp_1)
   0.27    0.27 ^ _216_/Q (sky130_fd_sc_hd__dfxtp_1)
   0.08    0.35 ^ _158_/Y (sky130_fd_sc_hd__nand2b_1)
   0.00    0.35 ^ _215_/D (sky130_fd_sc_hd__dfxtp_1)
           0.35   data arrival time

   0.00    0.00   clock tck (rise edge)
   0.00    0.00   clock network delay (ideal)
   0.10    0.10   clock uncertainty
   0.00    0.10   clock reconvergence pessimism
           0.10 ^ _215_/CLK (sky130_fd_sc_hd__dfxtp_1)
  -0.04    0.06   library hold time
           0.06   data required time
---------------------------------------------------------
           0.06   data required time
          -0.35   data arrival time
---------------------------------------------------------
           0.29   slack (MET)


Startpoint: _221_ (rising edge-triggered flip-flop clocked by tck)
Endpoint: _220_ (rising edge-triggered flip-flop clocked by tck)
Path Group: tck
Path Type: min

  Delay    Time   Description
---------------------------------------------------------
   0.00    0.00   clock tck (rise edge)
   0.00    0.00   clock network delay (ideal)
   0.00    0.00 ^ _221_/CLK (sky130_fd_sc_hd__dfxtp_1)
   0.27    0.27 ^ _221_/Q (sky130_fd_sc_hd__dfxtp_1)
   0.08    0.35 ^ _153_/Y (sky130_fd_sc_hd__nand2b_1)
   0.00    0.35 ^ _220_/D (sky130_fd_sc_hd__dfxtp_1)
           0.35   data arrival time

   0.00    0.00   clock tck (rise edge)
   0.00    0.00   clock network delay (ideal)
   0.10    0.10   clock uncertainty
   0.00    0.10   clock reconvergence pessimism
           0.10 ^ _220_/CLK (sky130_fd_sc_hd__dfxtp_1)
  -0.04    0.06   library hold time
           0.06   data required time
---------------------------------------------------------
           0.06   data required time
          -0.35   data arrival time
---------------------------------------------------------
           0.29   slack (MET)


Startpoint: _222_ (rising edge-triggered flip-flop clocked by tck)
Endpoint: _221_ (rising edge-triggered flip-flop clocked by tck)
Path Group: tck
Path Type: min

  Delay    Time   Description
---------------------------------------------------------
   0.00    0.00   clock tck (rise edge)
   0.00    0.00   clock network delay (ideal)
   0.00    0.00 ^ _222_/CLK (sky130_fd_sc_hd__dfxtp_1)
   0.27    0.27 ^ _222_/Q (sky130_fd_sc_hd__dfxtp_1)
   0.08    0.35 ^ _152_/Y (sky130_fd_sc_hd__nand2b_1)
   0.00    0.35 ^ _221_/D (sky130_fd_sc_hd__dfxtp_1)
           0.35   data arrival time

   0.00    0.00   clock tck (rise edge)
   0.00    0.00   clock network delay (ideal)
   0.10    0.10   clock uncertainty
   0.00    0.10   clock reconvergence pessimism
           0.10 ^ _221_/CLK (sky130_fd_sc_hd__dfxtp_1)
  -0.04    0.06   library hold time
           0.06   data required time
---------------------------------------------------------
           0.06   data required time
          -0.35   data arrival time
---------------------------------------------------------
           0.29   slack (MET)


Startpoint: _223_ (rising edge-triggered flip-flop clocked by tck)
Endpoint: _222_ (rising edge-triggered flip-flop clocked by tck)
Path Group: tck
Path Type: min

  Delay    Time   Description
---------------------------------------------------------
   0.00    0.00   clock tck (rise edge)
   0.00    0.00   clock network delay (ideal)
   0.00    0.00 ^ _223_/CLK (sky130_fd_sc_hd__dfxtp_1)
   0.27    0.27 ^ _223_/Q (sky130_fd_sc_hd__dfxtp_1)
   0.08    0.35 ^ _151_/Y (sky130_fd_sc_hd__nand2b_1)
   0.00    0.35 ^ _222_/D (sky130_fd_sc_hd__dfxtp_1)
           0.35   data arrival time

   0.00    0.00   clock tck (rise edge)
   0.00    0.00   clock network delay (ideal)
   0.10    0.10   clock uncertainty
   0.00    0.10   clock reconvergence pessimism
           0.10 ^ _222_/CLK (sky130_fd_sc_hd__dfxtp_1)
  -0.04    0.06   library hold time
           0.06   data required time
---------------------------------------------------------
           0.06   data required time
          -0.35   data arrival time
---------------------------------------------------------
           0.29   slack (MET)


Startpoint: _227_ (rising edge-triggered flip-flop clocked by tck)
Endpoint: _226_ (rising edge-triggered flip-flop clocked by tck)
Path Group: tck
Path Type: min

  Delay    Time   Description
---------------------------------------------------------
   0.00    0.00   clock tck (rise edge)
   0.00    0.00   clock network delay (ideal)
   0.00    0.00 ^ _227_/CLK (sky130_fd_sc_hd__dfxtp_1)
   0.27    0.27 ^ _227_/Q (sky130_fd_sc_hd__dfxtp_1)
   0.08    0.35 ^ _147_/Y (sky130_fd_sc_hd__nand2b_1)
   0.00    0.35 ^ _226_/D (sky130_fd_sc_hd__dfxtp_1)
           0.35   data arrival time

   0.00    0.00   clock tck (rise edge)
   0.00    0.00   clock network delay (ideal)
   0.10    0.10   clock uncertainty
   0.00    0.10   clock reconvergence pessimism
           0.10 ^ _226_/CLK (sky130_fd_sc_hd__dfxtp_1)
  -0.04    0.06   library hold time
           0.06   data required time
---------------------------------------------------------
           0.06   data required time
          -0.35   data arrival time
---------------------------------------------------------
           0.29   slack (MET)


Startpoint: _231_ (rising edge-triggered flip-flop clocked by tck)
Endpoint: _230_ (rising edge-triggered flip-flop clocked by tck)
Path Group: tck
Path Type: min

  Delay    Time   Description
---------------------------------------------------------
   0.00    0.00   clock tck (rise edge)
   0.00    0.00   clock network delay (ideal)
   0.00    0.00 ^ _231_/CLK (sky130_fd_sc_hd__dfxtp_1)
   0.27    0.27 ^ _231_/Q (sky130_fd_sc_hd__dfxtp_1)
   0.08    0.35 ^ _143_/Y (sky130_fd_sc_hd__nand2b_1)
   0.00    0.35 ^ _230_/D (sky130_fd_sc_hd__dfxtp_1)
           0.35   data arrival time

   0.00    0.00   clock tck (rise edge)
   0.00    0.00   clock network delay (ideal)
   0.10    0.10   clock uncertainty
   0.00    0.10   clock reconvergence pessimism
           0.10 ^ _230_/CLK (sky130_fd_sc_hd__dfxtp_1)
  -0.04    0.06   library hold time
           0.06   data required time
---------------------------------------------------------
           0.06   data required time
          -0.35   data arrival time
---------------------------------------------------------
           0.29   slack (MET)


Startpoint: _233_ (rising edge-triggered flip-flop clocked by tck)
Endpoint: _232_ (rising edge-triggered flip-flop clocked by tck)
Path Group: tck
Path Type: min

  Delay    Time   Description
---------------------------------------------------------
   0.00    0.00   clock tck (rise edge)
   0.00    0.00   clock network delay (ideal)
   0.00    0.00 ^ _233_/CLK (sky130_fd_sc_hd__dfxtp_1)
   0.27    0.27 ^ _233_/Q (sky130_fd_sc_hd__dfxtp_1)
   0.08    0.35 ^ _141_/Y (sky130_fd_sc_hd__nand2b_1)
   0.00    0.35 ^ _232_/D (sky130_fd_sc_hd__dfxtp_1)
           0.35   data arrival time

   0.00    0.00   clock tck (rise edge)
   0.00    0.00   clock network delay (ideal)
   0.10    0.10   clock uncertainty
   0.00    0.10   clock reconvergence pessimism
           0.10 ^ _232_/CLK (sky130_fd_sc_hd__dfxtp_1)
  -0.04    0.06   library hold time
           0.06   data required time
---------------------------------------------------------
           0.06   data required time
          -0.35   data arrival time
---------------------------------------------------------
           0.29   slack (MET)


Startpoint: _235_ (rising edge-triggered flip-flop clocked by tck)
Endpoint: _234_ (rising edge-triggered flip-flop clocked by tck)
Path Group: tck
Path Type: min

  Delay    Time   Description
---------------------------------------------------------
   0.00    0.00   clock tck (rise edge)
   0.00    0.00   clock network delay (ideal)
   0.00    0.00 ^ _235_/CLK (sky130_fd_sc_hd__dfxtp_1)
   0.27    0.27 ^ _235_/Q (sky130_fd_sc_hd__dfxtp_1)
   0.08    0.35 ^ _139_/Y (sky130_fd_sc_hd__nand2b_1)
   0.00    0.35 ^ _234_/D (sky130_fd_sc_hd__dfxtp_1)
           0.35   data arrival time

   0.00    0.00   clock tck (rise edge)
   0.00    0.00   clock network delay (ideal)
   0.10    0.10   clock uncertainty
   0.00    0.10   clock reconvergence pessimism
           0.10 ^ _234_/CLK (sky130_fd_sc_hd__dfxtp_1)
  -0.04    0.06   library hold time
           0.06   data required time
---------------------------------------------------------
           0.06   data required time
          -0.35   data arrival time
---------------------------------------------------------
           0.29   slack (MET)


Startpoint: _238_ (rising edge-triggered flip-flop clocked by tck)
Endpoint: _237_ (rising edge-triggered flip-flop clocked by tck)
Path Group: tck
Path Type: min

  Delay    Time   Description
---------------------------------------------------------
   0.00    0.00   clock tck (rise edge)
   0.00    0.00   clock network delay (ideal)
   0.00    0.00 ^ _238_/CLK (sky130_fd_sc_hd__dfxtp_1)
   0.27    0.27 ^ _238_/Q (sky130_fd_sc_hd__dfxtp_1)
   0.08    0.35 ^ _136_/Y (sky130_fd_sc_hd__nand2b_1)
   0.00    0.35 ^ _237_/D (sky130_fd_sc_hd__dfxtp_1)
           0.35   data arrival time

   0.00    0.00   clock tck (rise edge)
   0.00    0.00   clock network delay (ideal)
   0.10    0.10   clock uncertainty
   0.00    0.10   clock reconvergence pessimism
           0.10 ^ _237_/CLK (sky130_fd_sc_hd__dfxtp_1)
  -0.04    0.06   library hold time
           0.06   data required time
---------------------------------------------------------
           0.06   data required time
          -0.35   data arrival time
---------------------------------------------------------
           0.29   slack (MET)


Startpoint: _241_ (rising edge-triggered flip-flop clocked by tck)
Endpoint: _240_ (rising edge-triggered flip-flop clocked by tck)
Path Group: tck
Path Type: min

  Delay    Time   Description
---------------------------------------------------------
   0.00    0.00   clock tck (rise edge)
   0.00    0.00   clock network delay (ideal)
   0.00    0.00 ^ _241_/CLK (sky130_fd_sc_hd__dfxtp_1)
   0.27    0.27 ^ _241_/Q (sky130_fd_sc_hd__dfxtp_1)
   0.08    0.35 ^ _133_/Y (sky130_fd_sc_hd__nand2b_1)
   0.00    0.35 ^ _240_/D (sky130_fd_sc_hd__dfxtp_1)
           0.35   data arrival time

   0.00    0.00   clock tck (rise edge)
   0.00    0.00   clock network delay (ideal)
   0.10    0.10   clock uncertainty
   0.00    0.10   clock reconvergence pessimism
           0.10 ^ _240_/CLK (sky130_fd_sc_hd__dfxtp_1)
  -0.04    0.06   library hold time
           0.06   data required time
---------------------------------------------------------
           0.06   data required time
          -0.35   data arrival time
---------------------------------------------------------
           0.29   slack (MET)


Startpoint: _243_ (rising edge-triggered flip-flop clocked by tck)
Endpoint: _242_ (rising edge-triggered flip-flop clocked by tck)
Path Group: tck
Path Type: min

  Delay    Time   Description
---------------------------------------------------------
   0.00    0.00   clock tck (rise edge)
   0.00    0.00   clock network delay (ideal)
   0.00    0.00 ^ _243_/CLK (sky130_fd_sc_hd__dfxtp_1)
   0.27    0.27 ^ _243_/Q (sky130_fd_sc_hd__dfxtp_1)
   0.08    0.35 ^ _131_/Y (sky130_fd_sc_hd__nand2b_1)
   0.00    0.35 ^ _242_/D (sky130_fd_sc_hd__dfxtp_1)
           0.35   data arrival time

   0.00    0.00   clock tck (rise edge)
   0.00    0.00   clock network delay (ideal)
   0.10    0.10   clock uncertainty
   0.00    0.10   clock reconvergence pessimism
           0.10 ^ _242_/CLK (sky130_fd_sc_hd__dfxtp_1)
  -0.04    0.06   library hold time
           0.06   data required time
---------------------------------------------------------
           0.06   data required time
          -0.35   data arrival time
---------------------------------------------------------
           0.29   slack (MET)


Startpoint: _217_ (rising edge-triggered flip-flop clocked by tck)
Endpoint: _216_ (rising edge-triggered flip-flop clocked by tck)
Path Group: tck
Path Type: min

  Delay    Time   Description
---------------------------------------------------------
   0.00    0.00   clock tck (rise edge)
   0.00    0.00   clock network delay (ideal)
   0.00    0.00 ^ _217_/CLK (sky130_fd_sc_hd__dfxtp_1)
   0.27    0.27 ^ _217_/Q (sky130_fd_sc_hd__dfxtp_1)
   0.10    0.37 ^ _157_/X (sky130_fd_sc_hd__and2_0)
   0.00    0.37 ^ _216_/D (sky130_fd_sc_hd__dfxtp_1)
           0.37   data arrival time

   0.00    0.00   clock tck (rise edge)
   0.00    0.00   clock network delay (ideal)
   0.10    0.10   clock uncertainty
   0.00    0.10   clock reconvergence pessimism
           0.10 ^ _216_/CLK (sky130_fd_sc_hd__dfxtp_1)
  -0.04    0.06   library hold time
           0.06   data required time
---------------------------------------------------------
           0.06   data required time
          -0.37   data arrival time
---------------------------------------------------------
           0.31   slack (MET)


Startpoint: _218_ (rising edge-triggered flip-flop clocked by tck)
Endpoint: _217_ (rising edge-triggered flip-flop clocked by tck)
Path Group: tck
Path Type: min

  Delay    Time   Description
---------------------------------------------------------
   0.00    0.00   clock tck (rise edge)
   0.00    0.00   clock network delay (ideal)
   0.00    0.00 ^ _218_/CLK (sky130_fd_sc_hd__dfxtp_1)
   0.27    0.27 ^ _218_/Q (sky130_fd_sc_hd__dfxtp_1)
   0.10    0.37 ^ _156_/X (sky130_fd_sc_hd__and2_0)
   0.00    0.37 ^ _217_/D (sky130_fd_sc_hd__dfxtp_1)
           0.37   data arrival time

   0.00    0.00   clock tck (rise edge)
   0.00    0.00   clock network delay (ideal)
   0.10    0.10   clock uncertainty
   0.00    0.10   clock reconvergence pessimism
           0.10 ^ _217_/CLK (sky130_fd_sc_hd__dfxtp_1)
  -0.04    0.06   library hold time
           0.06   data required time
---------------------------------------------------------
           0.06   data required time
          -0.37   data arrival time
---------------------------------------------------------
           0.31   slack (MET)


Startpoint: _219_ (rising edge-triggered flip-flop clocked by tck)
Endpoint: _218_ (rising edge-triggered flip-flop clocked by tck)
Path Group: tck
Path Type: min

  Delay    Time   Description
---------------------------------------------------------
   0.00    0.00   clock tck (rise edge)
   0.00    0.00   clock network delay (ideal)
   0.00    0.00 ^ _219_/CLK (sky130_fd_sc_hd__dfxtp_1)
   0.27    0.27 ^ _219_/Q (sky130_fd_sc_hd__dfxtp_1)
   0.10    0.37 ^ _155_/X (sky130_fd_sc_hd__and2_0)
   0.00    0.37 ^ _218_/D (sky130_fd_sc_hd__dfxtp_1)
           0.37   data arrival time

   0.00    0.00   clock tck (rise edge)
   0.00    0.00   clock network delay (ideal)
   0.10    0.10   clock uncertainty
   0.00    0.10   clock reconvergence pessimism
           0.10 ^ _218_/CLK (sky130_fd_sc_hd__dfxtp_1)
  -0.04    0.06   library hold time
           0.06   data required time
---------------------------------------------------------
           0.06   data required time
          -0.37   data arrival time
---------------------------------------------------------
           0.31   slack (MET)


Startpoint: _220_ (rising edge-triggered flip-flop clocked by tck)
Endpoint: _219_ (rising edge-triggered flip-flop clocked by tck)
Path Group: tck
Path Type: min

  Delay    Time   Description
---------------------------------------------------------
   0.00    0.00   clock tck (rise edge)
   0.00    0.00   clock network delay (ideal)
   0.00    0.00 ^ _220_/CLK (sky130_fd_sc_hd__dfxtp_1)
   0.27    0.27 ^ _220_/Q (sky130_fd_sc_hd__dfxtp_1)
   0.10    0.37 ^ _154_/X (sky130_fd_sc_hd__and2_0)
   0.00    0.37 ^ _219_/D (sky130_fd_sc_hd__dfxtp_1)
           0.37   data arrival time

   0.00    0.00   clock tck (rise edge)
   0.00    0.00   clock network delay (ideal)
   0.10    0.10   clock uncertainty
   0.00    0.10   clock reconvergence pessimism
           0.10 ^ _219_/CLK (sky130_fd_sc_hd__dfxtp_1)
  -0.04    0.06   library hold time
           0.06   data required time
---------------------------------------------------------
           0.06   data required time
          -0.37   data arrival time
---------------------------------------------------------
           0.31   slack (MET)


Startpoint: _224_ (rising edge-triggered flip-flop clocked by tck)
Endpoint: _223_ (rising edge-triggered flip-flop clocked by tck)
Path Group: tck
Path Type: min

  Delay    Time   Description
---------------------------------------------------------
   0.00    0.00   clock tck (rise edge)
   0.00    0.00   clock network delay (ideal)
   0.00    0.00 ^ _224_/CLK (sky130_fd_sc_hd__dfxtp_1)
   0.27    0.27 ^ _224_/Q (sky130_fd_sc_hd__dfxtp_1)
   0.10    0.37 ^ _150_/X (sky130_fd_sc_hd__and2_0)
   0.00    0.37 ^ _223_/D (sky130_fd_sc_hd__dfxtp_1)
           0.37   data arrival time

   0.00    0.00   clock tck (rise edge)
   0.00    0.00   clock network delay (ideal)
   0.10    0.10   clock uncertainty
   0.00    0.10   clock reconvergence pessimism
           0.10 ^ _223_/CLK (sky130_fd_sc_hd__dfxtp_1)
  -0.04    0.06   library hold time
           0.06   data required time
---------------------------------------------------------
           0.06   data required time
          -0.37   data arrival time
---------------------------------------------------------
           0.31   slack (MET)


