Startpoint: resetn (input port clocked by clock)
Endpoint: __dut__.__uuf__._3062_
          (rising edge-triggered flip-flop clocked by clock)
Path Group: clock
Path Type: max

  Delay    Time   Description
---------------------------------------------------------
   0.00    0.00   clock clock (rise edge)
   0.00    0.00   clock network delay (ideal)
   1.00    1.00 ^ input external delay
   0.00    1.00 ^ resetn (in)
   0.93    1.93 v __dut__.__uuf__._2526_/Y (sky130_fd_sc_hd__clkinv_1)
   0.40    2.32 ^ __dut__.__uuf__._1596_/Y (sky130_fd_sc_hd__nor2_1)
   0.56    2.89 ^ __dut__.__uuf__._1600_/X (sky130_fd_sc_hd__o211a_1)
   0.95    3.84 ^ __dut__.__uuf__._1647_/Y (sky130_fd_sc_hd__nor4b_1)
   0.29    4.13 v __dut__.__uuf__._1648_/Y (sky130_fd_sc_hd__nor2_1)
   0.28    4.41 v __dut__.__uuf__._2493_/X (sky130_fd_sc_hd__a32o_1)
   0.26    4.68 v __dut__._0941_/X (sky130_fd_sc_hd__mux2_1)
   0.00    4.68 v __dut__.__uuf__._3062_/D (sky130_fd_sc_hd__dfxtp_1)
           4.68   data arrival time

  10.00   10.00   clock clock (rise edge)
   0.00   10.00   clock network delay (ideal)
  -0.20    9.80   clock uncertainty
   0.00    9.80   clock reconvergence pessimism
           9.80 ^ __dut__.__uuf__._3062_/CLK (sky130_fd_sc_hd__dfxtp_1)
  -0.17    9.63   library setup time
           9.63   data required time
---------------------------------------------------------
           9.63   data required time
          -4.68   data arrival time
---------------------------------------------------------
           4.95   slack (MET)


Startpoint: resetn (input port clocked by clock)
Endpoint: __dut__.__uuf__._3054_
          (rising edge-triggered flip-flop clocked by clock)
Path Group: clock
Path Type: max

  Delay    Time   Description
---------------------------------------------------------
   0.00    0.00   clock clock (rise edge)
   0.00    0.00   clock network delay (ideal)
   1.00    1.00 ^ input external delay
   0.00    1.00 ^ resetn (in)
   0.93    1.93 v __dut__.__uuf__._2526_/Y (sky130_fd_sc_hd__clkinv_1)
   0.40    2.32 ^ __dut__.__uuf__._1596_/Y (sky130_fd_sc_hd__nor2_1)
   0.56    2.89 ^ __dut__.__uuf__._1600_/X (sky130_fd_sc_hd__o211a_1)
   0.95    3.84 ^ __dut__.__uuf__._1647_/Y (sky130_fd_sc_hd__nor4b_1)
   0.29    4.13 v __dut__.__uuf__._1648_/Y (sky130_fd_sc_hd__nor2_1)
   0.26    4.38 v __dut__.__uuf__._1656_/X (sky130_fd_sc_hd__a22o_1)
   0.26    4.65 v __dut__._0933_/X (sky130_fd_sc_hd__mux2_1)
   0.00    4.65 v __dut__.__uuf__._3054_/D (sky130_fd_sc_hd__dfxtp_1)
           4.65   data arrival time

  10.00   10.00   clock clock (rise edge)
   0.00   10.00   clock network delay (ideal)
  -0.20    9.80   clock uncertainty
   0.00    9.80   clock reconvergence pessimism
           9.80 ^ __dut__.__uuf__._3054_/CLK (sky130_fd_sc_hd__dfxtp_1)
  -0.17    9.63   library setup time
           9.63   data required time
---------------------------------------------------------
           9.63   data required time
          -4.65   data arrival time
---------------------------------------------------------
           4.98   slack (MET)


Startpoint: resetn (input port clocked by clock)
Endpoint: __dut__.__uuf__._3055_
          (rising edge-triggered flip-flop clocked by clock)
Path Group: clock
Path Type: max

  Delay    Time   Description
---------------------------------------------------------
   0.00    0.00   clock clock (rise edge)
   0.00    0.00   clock network delay (ideal)
   1.00    1.00 ^ input external delay
   0.00    1.00 ^ resetn (in)
   0.93    1.93 v __dut__.__uuf__._2526_/Y (sky130_fd_sc_hd__clkinv_1)
   0.40    2.32 ^ __dut__.__uuf__._1596_/Y (sky130_fd_sc_hd__nor2_1)
   0.56    2.89 ^ __dut__.__uuf__._1600_/X (sky130_fd_sc_hd__o211a_1)
   0.95    3.84 ^ __dut__.__uuf__._1647_/Y (sky130_fd_sc_hd__nor4b_1)
   0.29    4.13 v __dut__.__uuf__._1648_/Y (sky130_fd_sc_hd__nor2_1)
   0.26    4.38 v __dut__.__uuf__._1655_/X (sky130_fd_sc_hd__a22o_1)
   0.26    4.65 v __dut__._0934_/X (sky130_fd_sc_hd__mux2_1)
   0.00    4.65 v __dut__.__uuf__._3055_/D (sky130_fd_sc_hd__dfxtp_1)
           4.65   data arrival time

  10.00   10.00   clock clock (rise edge)
   0.00   10.00   clock network delay (ideal)
  -0.20    9.80   clock uncertainty
   0.00    9.80   clock reconvergence pessimism
           9.80 ^ __dut__.__uuf__._3055_/CLK (sky130_fd_sc_hd__dfxtp_1)
  -0.17    9.63   library setup time
           9.63   data required time
---------------------------------------------------------
           9.63   data required time
          -4.65   data arrival time
---------------------------------------------------------
           4.98   slack (MET)


Startpoint: resetn (input port clocked by clock)
Endpoint: __dut__.__uuf__._3056_
          (rising edge-triggered flip-flop clocked by clock)
Path Group: clock
Path Type: max

  Delay    Time   Description
---------------------------------------------------------
   0.00    0.00   clock clock (rise edge)
   0.00    0.00   clock network delay (ideal)
   1.00    1.00 ^ input external delay
   0.00    1.00 ^ resetn (in)
   0.93    1.93 v __dut__.__uuf__._2526_/Y (sky130_fd_sc_hd__clkinv_1)
   0.40    2.32 ^ __dut__.__uuf__._1596_/Y (sky130_fd_sc_hd__nor2_1)
   0.56    2.89 ^ __dut__.__uuf__._1600_/X (sky130_fd_sc_hd__o211a_1)
   0.95    3.84 ^ __dut__.__uuf__._1647_/Y (sky130_fd_sc_hd__nor4b_1)
   0.29    4.13 v __dut__.__uuf__._1648_/Y (sky130_fd_sc_hd__nor2_1)
   0.26    4.38 v __dut__.__uuf__._1654_/X (sky130_fd_sc_hd__a22o_1)
   0.26    4.65 v __dut__._0935_/X (sky130_fd_sc_hd__mux2_1)
   0.00    4.65 v __dut__.__uuf__._3056_/D (sky130_fd_sc_hd__dfxtp_1)
           4.65   data arrival time

  10.00   10.00   clock clock (rise edge)
   0.00   10.00   clock network delay (ideal)
  -0.20    9.80   clock uncertainty
   0.00    9.80   clock reconvergence pessimism
           9.80 ^ __dut__.__uuf__._3056_/CLK (sky130_fd_sc_hd__dfxtp_1)
  -0.17    9.63   library setup time
           9.63   data required time
---------------------------------------------------------
           9.63   data required time
          -4.65   data arrival time
---------------------------------------------------------
           4.98   slack (MET)


Startpoint: resetn (input port clocked by clock)
Endpoint: __dut__.__uuf__._3057_
          (rising edge-triggered flip-flop clocked by clock)
Path Group: clock
Path Type: max

  Delay    Time   Description
---------------------------------------------------------
   0.00    0.00   clock clock (rise edge)
   0.00    0.00   clock network delay (ideal)
   1.00    1.00 ^ input external delay
   0.00    1.00 ^ resetn (in)
   0.93    1.93 v __dut__.__uuf__._2526_/Y (sky130_fd_sc_hd__clkinv_1)
   0.40    2.32 ^ __dut__.__uuf__._1596_/Y (sky130_fd_sc_hd__nor2_1)
   0.56    2.89 ^ __dut__.__uuf__._1600_/X (sky130_fd_sc_hd__o211a_1)
   0.95    3.84 ^ __dut__.__uuf__._1647_/Y (sky130_fd_sc_hd__nor4b_1)
   0.29    4.13 v __dut__.__uuf__._1648_/Y (sky130_fd_sc_hd__nor2_1)
   0.26    4.38 v __dut__.__uuf__._1653_/X (sky130_fd_sc_hd__a22o_1)
   0.26    4.65 v __dut__._0936_/X (sky130_fd_sc_hd__mux2_1)
   0.00    4.65 v __dut__.__uuf__._3057_/D (sky130_fd_sc_hd__dfxtp_1)
           4.65   data arrival time

  10.00   10.00   clock clock (rise edge)
   0.00   10.00   clock network delay (ideal)
  -0.20    9.80   clock uncertainty
   0.00    9.80   clock reconvergence pessimism
           9.80 ^ __dut__.__uuf__._3057_/CLK (sky130_fd_sc_hd__dfxtp_1)
  -0.17    9.63   library setup time
           9.63   data required time
---------------------------------------------------------
           9.63   data required time
          -4.65   data arrival time
---------------------------------------------------------
           4.98   slack (MET)


Startpoint: resetn (input port clocked by clock)
Endpoint: __dut__.__uuf__._3058_
          (rising edge-triggered flip-flop clocked by clock)
Path Group: clock
Path Type: max

  Delay    Time   Description
---------------------------------------------------------
   0.00    0.00   clock clock (rise edge)
   0.00    0.00   clock network delay (ideal)
   1.00    1.00 ^ input external delay
   0.00    1.00 ^ resetn (in)
   0.93    1.93 v __dut__.__uuf__._2526_/Y (sky130_fd_sc_hd__clkinv_1)
   0.40    2.32 ^ __dut__.__uuf__._1596_/Y (sky130_fd_sc_hd__nor2_1)
   0.56    2.89 ^ __dut__.__uuf__._1600_/X (sky130_fd_sc_hd__o211a_1)
   0.95    3.84 ^ __dut__.__uuf__._1647_/Y (sky130_fd_sc_hd__nor4b_1)
   0.29    4.13 v __dut__.__uuf__._1648_/Y (sky130_fd_sc_hd__nor2_1)
   0.26    4.38 v __dut__.__uuf__._1652_/X (sky130_fd_sc_hd__a22o_1)
   0.26    4.65 v __dut__._0937_/X (sky130_fd_sc_hd__mux2_1)
   0.00    4.65 v __dut__.__uuf__._3058_/D (sky130_fd_sc_hd__dfxtp_1)
           4.65   data arrival time

  10.00   10.00   clock clock (rise edge)
   0.00   10.00   clock network delay (ideal)
  -0.20    9.80   clock uncertainty
   0.00    9.80   clock reconvergence pessimism
           9.80 ^ __dut__.__uuf__._3058_/CLK (sky130_fd_sc_hd__dfxtp_1)
  -0.17    9.63   library setup time
           9.63   data required time
---------------------------------------------------------
           9.63   data required time
          -4.65   data arrival time
---------------------------------------------------------
           4.98   slack (MET)


Startpoint: resetn (input port clocked by clock)
Endpoint: __dut__.__uuf__._3059_
          (rising edge-triggered flip-flop clocked by clock)
Path Group: clock
Path Type: max

  Delay    Time   Description
---------------------------------------------------------
   0.00    0.00   clock clock (rise edge)
   0.00    0.00   clock network delay (ideal)
   1.00    1.00 ^ input external delay
   0.00    1.00 ^ resetn (in)
   0.93    1.93 v __dut__.__uuf__._2526_/Y (sky130_fd_sc_hd__clkinv_1)
   0.40    2.32 ^ __dut__.__uuf__._1596_/Y (sky130_fd_sc_hd__nor2_1)
   0.56    2.89 ^ __dut__.__uuf__._1600_/X (sky130_fd_sc_hd__o211a_1)
   0.95    3.84 ^ __dut__.__uuf__._1647_/Y (sky130_fd_sc_hd__nor4b_1)
   0.29    4.13 v __dut__.__uuf__._1648_/Y (sky130_fd_sc_hd__nor2_1)
   0.26    4.38 v __dut__.__uuf__._1651_/X (sky130_fd_sc_hd__a22o_1)
   0.26    4.65 v __dut__._0938_/X (sky130_fd_sc_hd__mux2_1)
   0.00    4.65 v __dut__.__uuf__._3059_/D (sky130_fd_sc_hd__dfxtp_1)
           4.65   data arrival time

  10.00   10.00   clock clock (rise edge)
   0.00   10.00   clock network delay (ideal)
  -0.20    9.80   clock uncertainty
   0.00    9.80   clock reconvergence pessimism
           9.80 ^ __dut__.__uuf__._3059_/CLK (sky130_fd_sc_hd__dfxtp_1)
  -0.17    9.63   library setup time
           9.63   data required time
---------------------------------------------------------
           9.63   data required time
          -4.65   data arrival time
---------------------------------------------------------
           4.98   slack (MET)


Startpoint: resetn (input port clocked by clock)
Endpoint: __dut__.__uuf__._3060_
          (rising edge-triggered flip-flop clocked by clock)
Path Group: clock
Path Type: max

  Delay    Time   Description
---------------------------------------------------------
   0.00    0.00   clock clock (rise edge)
   0.00    0.00   clock network delay (ideal)
   1.00    1.00 ^ input external delay
   0.00    1.00 ^ resetn (in)
   0.93    1.93 v __dut__.__uuf__._2526_/Y (sky130_fd_sc_hd__clkinv_1)
   0.40    2.32 ^ __dut__.__uuf__._1596_/Y (sky130_fd_sc_hd__nor2_1)
   0.56    2.89 ^ __dut__.__uuf__._1600_/X (sky130_fd_sc_hd__o211a_1)
   0.95    3.84 ^ __dut__.__uuf__._1647_/Y (sky130_fd_sc_hd__nor4b_1)
   0.29    4.13 v __dut__.__uuf__._1648_/Y (sky130_fd_sc_hd__nor2_1)
   0.26    4.38 v __dut__.__uuf__._1650_/X (sky130_fd_sc_hd__a22o_1)
   0.26    4.65 v __dut__._0939_/X (sky130_fd_sc_hd__mux2_1)
   0.00    4.65 v __dut__.__uuf__._3060_/D (sky130_fd_sc_hd__dfxtp_1)
           4.65   data arrival time

  10.00   10.00   clock clock (rise edge)
   0.00   10.00   clock network delay (ideal)
  -0.20    9.80   clock uncertainty
   0.00    9.80   clock reconvergence pessimism
           9.80 ^ __dut__.__uuf__._3060_/CLK (sky130_fd_sc_hd__dfxtp_1)
  -0.17    9.63   library setup time
           9.63   data required time
---------------------------------------------------------
           9.63   data required time
          -4.65   data arrival time
---------------------------------------------------------
           4.98   slack (MET)


Startpoint: resetn (input port clocked by clock)
Endpoint: __dut__.__uuf__._3061_
          (rising edge-triggered flip-flop clocked by clock)
Path Group: clock
Path Type: max

  Delay    Time   Description
---------------------------------------------------------
   0.00    0.00   clock clock (rise edge)
   0.00    0.00   clock network delay (ideal)
   1.00    1.00 ^ input external delay
   0.00    1.00 ^ resetn (in)
   0.93    1.93 v __dut__.__uuf__._2526_/Y (sky130_fd_sc_hd__clkinv_1)
   0.40    2.32 ^ __dut__.__uuf__._1596_/Y (sky130_fd_sc_hd__nor2_1)
   0.56    2.89 ^ __dut__.__uuf__._1600_/X (sky130_fd_sc_hd__o211a_1)
   0.95    3.84 ^ __dut__.__uuf__._1647_/Y (sky130_fd_sc_hd__nor4b_1)
   0.29    4.13 v __dut__.__uuf__._1648_/Y (sky130_fd_sc_hd__nor2_1)
   0.26    4.38 v __dut__.__uuf__._1649_/X (sky130_fd_sc_hd__a22o_1)
   0.26    4.65 v __dut__._0940_/X (sky130_fd_sc_hd__mux2_1)
   0.00    4.65 v __dut__.__uuf__._3061_/D (sky130_fd_sc_hd__dfxtp_1)
           4.65   data arrival time

  10.00   10.00   clock clock (rise edge)
   0.00   10.00   clock network delay (ideal)
  -0.20    9.80   clock uncertainty
   0.00    9.80   clock reconvergence pessimism
           9.80 ^ __dut__.__uuf__._3061_/CLK (sky130_fd_sc_hd__dfxtp_1)
  -0.17    9.63   library setup time
           9.63   data required time
---------------------------------------------------------
           9.63   data required time
          -4.65   data arrival time
---------------------------------------------------------
           4.98   slack (MET)


Startpoint: resetn (input port clocked by clock)
Endpoint: __dut__.__uuf__._2889_
          (rising edge-triggered flip-flop clocked by clock)
Path Group: clock
Path Type: max

  Delay    Time   Description
---------------------------------------------------------
   0.00    0.00   clock clock (rise edge)
   0.00    0.00   clock network delay (ideal)
   1.00    1.00 ^ input external delay
   0.00    1.00 ^ resetn (in)
   0.93    1.93 v __dut__.__uuf__._2526_/Y (sky130_fd_sc_hd__clkinv_1)
   0.47    2.39 ^ __dut__.__uuf__._1956_/Y (sky130_fd_sc_hd__nor2_1)
   0.47    2.86 ^ __dut__.__uuf__._1965_/X (sky130_fd_sc_hd__o211a_1)
   0.94    3.81 ^ __dut__.__uuf__._1992_/Y (sky130_fd_sc_hd__nor4b_1)
   0.29    4.10 v __dut__.__uuf__._1993_/Y (sky130_fd_sc_hd__nor2_1)
   0.28    4.38 v __dut__.__uuf__._2451_/X (sky130_fd_sc_hd__a32o_1)
   0.26    4.65 v __dut__._0768_/X (sky130_fd_sc_hd__mux2_1)
   0.00    4.65 v __dut__.__uuf__._2889_/D (sky130_fd_sc_hd__dfxtp_1)
           4.65   data arrival time

  10.00   10.00   clock clock (rise edge)
   0.00   10.00   clock network delay (ideal)
  -0.20    9.80   clock uncertainty
   0.00    9.80   clock reconvergence pessimism
           9.80 ^ __dut__.__uuf__._2889_/CLK (sky130_fd_sc_hd__dfxtp_1)
  -0.17    9.63   library setup time
           9.63   data required time
---------------------------------------------------------
           9.63   data required time
          -4.65   data arrival time
---------------------------------------------------------
           4.98   slack (MET)


Startpoint: resetn (input port clocked by clock)
Endpoint: __dut__.__uuf__._2881_
          (rising edge-triggered flip-flop clocked by clock)
Path Group: clock
Path Type: max

  Delay    Time   Description
---------------------------------------------------------
   0.00    0.00   clock clock (rise edge)
   0.00    0.00   clock network delay (ideal)
   1.00    1.00 ^ input external delay
   0.00    1.00 ^ resetn (in)
   0.93    1.93 v __dut__.__uuf__._2526_/Y (sky130_fd_sc_hd__clkinv_1)
   0.47    2.39 ^ __dut__.__uuf__._1956_/Y (sky130_fd_sc_hd__nor2_1)
   0.47    2.86 ^ __dut__.__uuf__._1965_/X (sky130_fd_sc_hd__o211a_1)
   0.94    3.81 ^ __dut__.__uuf__._1992_/Y (sky130_fd_sc_hd__nor4b_1)
   0.29    4.10 v __dut__.__uuf__._1993_/Y (sky130_fd_sc_hd__nor2_1)
   0.26    4.35 v __dut__.__uuf__._2001_/X (sky130_fd_sc_hd__a22o_1)
   0.26    4.62 v __dut__._0760_/X (sky130_fd_sc_hd__mux2_1)
   0.00    4.62 v __dut__.__uuf__._2881_/D (sky130_fd_sc_hd__dfxtp_1)
           4.62   data arrival time

  10.00   10.00   clock clock (rise edge)
   0.00   10.00   clock network delay (ideal)
  -0.20    9.80   clock uncertainty
   0.00    9.80   clock reconvergence pessimism
           9.80 ^ __dut__.__uuf__._2881_/CLK (sky130_fd_sc_hd__dfxtp_1)
  -0.17    9.63   library setup time
           9.63   data required time
---------------------------------------------------------
           9.63   data required time
          -4.62   data arrival time
---------------------------------------------------------
           5.01   slack (MET)


Startpoint: resetn (input port clocked by clock)
Endpoint: __dut__.__uuf__._2882_
          (rising edge-triggered flip-flop clocked by clock)
Path Group: clock
Path Type: max

  Delay    Time   Description
---------------------------------------------------------
   0.00    0.00   clock clock (rise edge)
   0.00    0.00   clock network delay (ideal)
   1.00    1.00 ^ input external delay
   0.00    1.00 ^ resetn (in)
   0.93    1.93 v __dut__.__uuf__._2526_/Y (sky130_fd_sc_hd__clkinv_1)
   0.47    2.39 ^ __dut__.__uuf__._1956_/Y (sky130_fd_sc_hd__nor2_1)
   0.47    2.86 ^ __dut__.__uuf__._1965_/X (sky130_fd_sc_hd__o211a_1)
   0.94    3.81 ^ __dut__.__uuf__._1992_/Y (sky130_fd_sc_hd__nor4b_1)
   0.29    4.10 v __dut__.__uuf__._1993_/Y (sky130_fd_sc_hd__nor2_1)
   0.26    4.35 v __dut__.__uuf__._2000_/X (sky130_fd_sc_hd__a22o_1)
   0.26    4.62 v __dut__._0761_/X (sky130_fd_sc_hd__mux2_1)
   0.00    4.62 v __dut__.__uuf__._2882_/D (sky130_fd_sc_hd__dfxtp_1)
           4.62   data arrival time

  10.00   10.00   clock clock (rise edge)
   0.00   10.00   clock network delay (ideal)
  -0.20    9.80   clock uncertainty
   0.00    9.80   clock reconvergence pessimism
           9.80 ^ __dut__.__uuf__._2882_/CLK (sky130_fd_sc_hd__dfxtp_1)
  -0.17    9.63   library setup time
           9.63   data required time
---------------------------------------------------------
           9.63   data required time
          -4.62   data arrival time
---------------------------------------------------------
           5.01   slack (MET)


Startpoint: resetn (input port clocked by clock)
Endpoint: __dut__.__uuf__._2883_
          (rising edge-triggered flip-flop clocked by clock)
Path Group: clock
Path Type: max

  Delay    Time   Description
---------------------------------------------------------
   0.00    0.00   clock clock (rise edge)
   0.00    0.00   clock network delay (ideal)
   1.00    1.00 ^ input external delay
   0.00    1.00 ^ resetn (in)
   0.93    1.93 v __dut__.__uuf__._2526_/Y (sky130_fd_sc_hd__clkinv_1)
   0.47    2.39 ^ __dut__.__uuf__._1956_/Y (sky130_fd_sc_hd__nor2_1)
   0.47    2.86 ^ __dut__.__uuf__._1965_/X (sky130_fd_sc_hd__o211a_1)
   0.94    3.81 ^ __dut__.__uuf__._1992_/Y (sky130_fd_sc_hd__nor4b_1)
   0.29    4.10 v __dut__.__uuf__._1993_/Y (sky130_fd_sc_hd__nor2_1)
   0.26    4.35 v __dut__.__uuf__._1999_/X (sky130_fd_sc_hd__a22o_1)
   0.26    4.62 v __dut__._0762_/X (sky130_fd_sc_hd__mux2_1)
   0.00    4.62 v __dut__.__uuf__._2883_/D (sky130_fd_sc_hd__dfxtp_1)
           4.62   data arrival time

  10.00   10.00   clock clock (rise edge)
   0.00   10.00   clock network delay (ideal)
  -0.20    9.80   clock uncertainty
   0.00    9.80   clock reconvergence pessimism
           9.80 ^ __dut__.__uuf__._2883_/CLK (sky130_fd_sc_hd__dfxtp_1)
  -0.17    9.63   library setup time
           9.63   data required time
---------------------------------------------------------
           9.63   data required time
          -4.62   data arrival time
---------------------------------------------------------
           5.01   slack (MET)


Startpoint: resetn (input port clocked by clock)
Endpoint: __dut__.__uuf__._2884_
          (rising edge-triggered flip-flop clocked by clock)
Path Group: clock
Path Type: max

  Delay    Time   Description
---------------------------------------------------------
   0.00    0.00   clock clock (rise edge)
   0.00    0.00   clock network delay (ideal)
   1.00    1.00 ^ input external delay
   0.00    1.00 ^ resetn (in)
   0.93    1.93 v __dut__.__uuf__._2526_/Y (sky130_fd_sc_hd__clkinv_1)
   0.47    2.39 ^ __dut__.__uuf__._1956_/Y (sky130_fd_sc_hd__nor2_1)
   0.47    2.86 ^ __dut__.__uuf__._1965_/X (sky130_fd_sc_hd__o211a_1)
   0.94    3.81 ^ __dut__.__uuf__._1992_/Y (sky130_fd_sc_hd__nor4b_1)
   0.29    4.10 v __dut__.__uuf__._1993_/Y (sky130_fd_sc_hd__nor2_1)
   0.26    4.35 v __dut__.__uuf__._1998_/X (sky130_fd_sc_hd__a22o_1)
   0.26    4.62 v __dut__._0763_/X (sky130_fd_sc_hd__mux2_1)
   0.00    4.62 v __dut__.__uuf__._2884_/D (sky130_fd_sc_hd__dfxtp_1)
           4.62   data arrival time

  10.00   10.00   clock clock (rise edge)
   0.00   10.00   clock network delay (ideal)
  -0.20    9.80   clock uncertainty
   0.00    9.80   clock reconvergence pessimism
           9.80 ^ __dut__.__uuf__._2884_/CLK (sky130_fd_sc_hd__dfxtp_1)
  -0.17    9.63   library setup time
           9.63   data required time
---------------------------------------------------------
           9.63   data required time
          -4.62   data arrival time
---------------------------------------------------------
           5.01   slack (MET)


Startpoint: resetn (input port clocked by clock)
Endpoint: __dut__.__uuf__._2885_
          (rising edge-triggered flip-flop clocked by clock)
Path Group: clock
Path Type: max

  Delay    Time   Description
---------------------------------------------------------
   0.00    0.00   clock clock (rise edge)
   0.00    0.00   clock network delay (ideal)
   1.00    1.00 ^ input external delay
   0.00    1.00 ^ resetn (in)
   0.93    1.93 v __dut__.__uuf__._2526_/Y (sky130_fd_sc_hd__clkinv_1)
   0.47    2.39 ^ __dut__.__uuf__._1956_/Y (sky130_fd_sc_hd__nor2_1)
   0.47    2.86 ^ __dut__.__uuf__._1965_/X (sky130_fd_sc_hd__o211a_1)
   0.94    3.81 ^ __dut__.__uuf__._1992_/Y (sky130_fd_sc_hd__nor4b_1)
   0.29    4.10 v __dut__.__uuf__._1993_/Y (sky130_fd_sc_hd__nor2_1)
   0.26    4.35 v __dut__.__uuf__._1997_/X (sky130_fd_sc_hd__a22o_1)
   0.26    4.62 v __dut__._0764_/X (sky130_fd_sc_hd__mux2_1)
   0.00    4.62 v __dut__.__uuf__._2885_/D (sky130_fd_sc_hd__dfxtp_1)
           4.62   data arrival time

  10.00   10.00   clock clock (rise edge)
   0.00   10.00   clock network delay (ideal)
  -0.20    9.80   clock uncertainty
   0.00    9.80   clock reconvergence pessimism
           9.80 ^ __dut__.__uuf__._2885_/CLK (sky130_fd_sc_hd__dfxtp_1)
  -0.17    9.63   library setup time
           9.63   data required time
---------------------------------------------------------
           9.63   data required time
          -4.62   data arrival time
---------------------------------------------------------
           5.01   slack (MET)


Startpoint: resetn (input port clocked by clock)
Endpoint: __dut__.__uuf__._2886_
          (rising edge-triggered flip-flop clocked by clock)
Path Group: clock
Path Type: max

  Delay    Time   Description
---------------------------------------------------------
   0.00    0.00   clock clock (rise edge)
   0.00    0.00   clock network delay (ideal)
   1.00    1.00 ^ input external delay
   0.00    1.00 ^ resetn (in)
   0.93    1.93 v __dut__.__uuf__._2526_/Y (sky130_fd_sc_hd__clkinv_1)
   0.47    2.39 ^ __dut__.__uuf__._1956_/Y (sky130_fd_sc_hd__nor2_1)
   0.47    2.86 ^ __dut__.__uuf__._1965_/X (sky130_fd_sc_hd__o211a_1)
   0.94    3.81 ^ __dut__.__uuf__._1992_/Y (sky130_fd_sc_hd__nor4b_1)
   0.29    4.10 v __dut__.__uuf__._1993_/Y (sky130_fd_sc_hd__nor2_1)
   0.26    4.35 v __dut__.__uuf__._1996_/X (sky130_fd_sc_hd__a22o_1)
   0.26    4.62 v __dut__._0765_/X (sky130_fd_sc_hd__mux2_1)
   0.00    4.62 v __dut__.__uuf__._2886_/D (sky130_fd_sc_hd__dfxtp_1)
           4.62   data arrival time

  10.00   10.00   clock clock (rise edge)
   0.00   10.00   clock network delay (ideal)
  -0.20    9.80   clock uncertainty
   0.00    9.80   clock reconvergence pessimism
           9.80 ^ __dut__.__uuf__._2886_/CLK (sky130_fd_sc_hd__dfxtp_1)
  -0.17    9.63   library setup time
           9.63   data required time
---------------------------------------------------------
           9.63   data required time
          -4.62   data arrival time
---------------------------------------------------------
           5.01   slack (MET)


Startpoint: resetn (input port clocked by clock)
Endpoint: __dut__.__uuf__._2887_
          (rising edge-triggered flip-flop clocked by clock)
Path Group: clock
Path Type: max

  Delay    Time   Description
---------------------------------------------------------
   0.00    0.00   clock clock (rise edge)
   0.00    0.00   clock network delay (ideal)
   1.00    1.00 ^ input external delay
   0.00    1.00 ^ resetn (in)
   0.93    1.93 v __dut__.__uuf__._2526_/Y (sky130_fd_sc_hd__clkinv_1)
   0.47    2.39 ^ __dut__.__uuf__._1956_/Y (sky130_fd_sc_hd__nor2_1)
   0.47    2.86 ^ __dut__.__uuf__._1965_/X (sky130_fd_sc_hd__o211a_1)
   0.94    3.81 ^ __dut__.__uuf__._1992_/Y (sky130_fd_sc_hd__nor4b_1)
   0.29    4.10 v __dut__.__uuf__._1993_/Y (sky130_fd_sc_hd__nor2_1)
   0.26    4.35 v __dut__.__uuf__._1995_/X (sky130_fd_sc_hd__a22o_1)
   0.26    4.62 v __dut__._0766_/X (sky130_fd_sc_hd__mux2_1)
   0.00    4.62 v __dut__.__uuf__._2887_/D (sky130_fd_sc_hd__dfxtp_1)
           4.62   data arrival time

  10.00   10.00   clock clock (rise edge)
   0.00   10.00   clock network delay (ideal)
  -0.20    9.80   clock uncertainty
   0.00    9.80   clock reconvergence pessimism
           9.80 ^ __dut__.__uuf__._2887_/CLK (sky130_fd_sc_hd__dfxtp_1)
  -0.17    9.63   library setup time
           9.63   data required time
---------------------------------------------------------
           9.63   data required time
          -4.62   data arrival time
---------------------------------------------------------
           5.01   slack (MET)


Startpoint: resetn (input port clocked by clock)
Endpoint: __dut__.__uuf__._2888_
          (rising edge-triggered flip-flop clocked by clock)
Path Group: clock
Path Type: max

  Delay    Time   Description
---------------------------------------------------------
   0.00    0.00   clock clock (rise edge)
   0.00    0.00   clock network delay (ideal)
   1.00    1.00 ^ input external delay
   0.00    1.00 ^ resetn (in)
   0.93    1.93 v __dut__.__uuf__._2526_/Y (sky130_fd_sc_hd__clkinv_1)
   0.47    2.39 ^ __dut__.__uuf__._1956_/Y (sky130_fd_sc_hd__nor2_1)
   0.47    2.86 ^ __dut__.__uuf__._1965_/X (sky130_fd_sc_hd__o211a_1)
   0.94    3.81 ^ __dut__.__uuf__._1992_/Y (sky130_fd_sc_hd__nor4b_1)
   0.29    4.10 v __dut__.__uuf__._1993_/Y (sky130_fd_sc_hd__nor2_1)
   0.26    4.35 v __dut__.__uuf__._1994_/X (sky130_fd_sc_hd__a22o_1)
   0.26    4.62 v __dut__._0767_/X (sky130_fd_sc_hd__mux2_1)
   0.00    4.62 v __dut__.__uuf__._2888_/D (sky130_fd_sc_hd__dfxtp_1)
           4.62   data arrival time

  10.00   10.00   clock clock (rise edge)
   0.00   10.00   clock network delay (ideal)
  -0.20    9.80   clock uncertainty
   0.00    9.80   clock reconvergence pessimism
           9.80 ^ __dut__.__uuf__._2888_/CLK (sky130_fd_sc_hd__dfxtp_1)
  -0.17    9.63   library setup time
           9.63   data required time
---------------------------------------------------------
           9.63   data required time
          -4.62   data arrival time
---------------------------------------------------------
           5.01   slack (MET)


Startpoint: resetn (input port clocked by clock)
Endpoint: __dut__.__uuf__._3169_
          (rising edge-triggered flip-flop clocked by clock)
Path Group: clock
Path Type: max

  Delay    Time   Description
---------------------------------------------------------
   0.00    0.00   clock clock (rise edge)
   0.00    0.00   clock network delay (ideal)
   1.00    1.00 ^ input external delay
   0.00    1.00 ^ resetn (in)
   0.93    1.93 v __dut__.__uuf__._2526_/Y (sky130_fd_sc_hd__clkinv_1)
   0.49    2.42 ^ __dut__.__uuf__._1406_/Y (sky130_fd_sc_hd__nor2_1)
   0.31    2.73 v __dut__.__uuf__._1408_/Y (sky130_fd_sc_hd__o2111ai_1)
   0.86    3.58 ^ __dut__.__uuf__._1490_/Y (sky130_fd_sc_hd__nor4_1)
   0.28    3.87 v __dut__.__uuf__._1491_/Y (sky130_fd_sc_hd__nor2_1)
   0.30    4.17 v __dut__.__uuf__._2396_/X (sky130_fd_sc_hd__a22o_1)
   0.26    4.43 v __dut__._1048_/X (sky130_fd_sc_hd__mux2_1)
   0.00    4.43 v __dut__.__uuf__._3169_/D (sky130_fd_sc_hd__dfxtp_1)
           4.43   data arrival time

  10.00   10.00   clock clock (rise edge)
   0.00   10.00   clock network delay (ideal)
  -0.20    9.80   clock uncertainty
   0.00    9.80   clock reconvergence pessimism
           9.80 ^ __dut__.__uuf__._3169_/CLK (sky130_fd_sc_hd__dfxtp_1)
  -0.17    9.63   library setup time
           9.63   data required time
---------------------------------------------------------
           9.63   data required time
          -4.43   data arrival time
---------------------------------------------------------
           5.20   slack (MET)


Startpoint: resetn (input port clocked by clock)
Endpoint: __dut__.__uuf__._3241_
          (rising edge-triggered flip-flop clocked by clock)
Path Group: clock
Path Type: max

  Delay    Time   Description
---------------------------------------------------------
   0.00    0.00   clock clock (rise edge)
   0.00    0.00   clock network delay (ideal)
   1.00    1.00 ^ input external delay
   0.00    1.00 ^ resetn (in)
   0.93    1.93 v __dut__.__uuf__._2526_/Y (sky130_fd_sc_hd__clkinv_1)
   0.49    2.42 ^ __dut__.__uuf__._1406_/Y (sky130_fd_sc_hd__nor2_1)
   0.31    2.73 v __dut__.__uuf__._1408_/Y (sky130_fd_sc_hd__o2111ai_1)
   0.86    3.58 ^ __dut__.__uuf__._1409_/Y (sky130_fd_sc_hd__nor4_1)
   0.28    3.87 v __dut__.__uuf__._1410_/Y (sky130_fd_sc_hd__nor2_1)
   0.30    4.17 v __dut__.__uuf__._2388_/X (sky130_fd_sc_hd__a22o_1)
   0.26    4.43 v __dut__._1120_/X (sky130_fd_sc_hd__mux2_1)
   0.00    4.43 v __dut__.__uuf__._3241_/D (sky130_fd_sc_hd__dfxtp_1)
           4.43   data arrival time

  10.00   10.00   clock clock (rise edge)
   0.00   10.00   clock network delay (ideal)
  -0.20    9.80   clock uncertainty
   0.00    9.80   clock reconvergence pessimism
           9.80 ^ __dut__.__uuf__._3241_/CLK (sky130_fd_sc_hd__dfxtp_1)
  -0.17    9.63   library setup time
           9.63   data required time
---------------------------------------------------------
           9.63   data required time
          -4.43   data arrival time
---------------------------------------------------------
           5.20   slack (MET)


Startpoint: _250_ (rising edge-triggered flip-flop clocked by tck)
Endpoint: __dut__._1267_ (rising edge-triggered flip-flop clocked by tck)
Path Group: tck
Path Type: max

  Delay    Time   Description
---------------------------------------------------------
   0.00    0.00   clock tck (rise edge)
   0.00    0.00   clock network delay (ideal)
   0.00    0.00 ^ _250_/CLK (sky130_fd_sc_hd__dfrtp_1)
   0.37    0.37 v _250_/Q (sky130_fd_sc_hd__dfrtp_1)
  61.47   61.84 ^ _201_/Y (sky130_fd_sc_hd__nor4_1)
   4.36   66.20 ^ __dut__._1214_/X (sky130_fd_sc_hd__mux2_1)
   0.00   66.20 ^ __dut__._1267_/D (sky130_fd_sc_hd__dfrtp_1)
          66.20   data arrival time

 100.00  100.00   clock tck (rise edge)
   0.00  100.00   clock network delay (ideal)
  -0.20   99.80   clock uncertainty
   0.00   99.80   clock reconvergence pessimism
          99.80 ^ __dut__._1267_/CLK (sky130_fd_sc_hd__dfrtp_1)
  -0.24   99.56   library setup time
          99.56   data required time
---------------------------------------------------------
          99.56   data required time
         -66.20   data arrival time
---------------------------------------------------------
          33.35   slack (MET)


Startpoint: _250_ (rising edge-triggered flip-flop clocked by tck)
Endpoint: __dut__._1268_ (rising edge-triggered flip-flop clocked by tck)
Path Group: tck
Path Type: max

  Delay    Time   Description
---------------------------------------------------------
   0.00    0.00   clock tck (rise edge)
   0.00    0.00   clock network delay (ideal)
   0.00    0.00 ^ _250_/CLK (sky130_fd_sc_hd__dfrtp_1)
   0.37    0.37 v _250_/Q (sky130_fd_sc_hd__dfrtp_1)
  61.47   61.84 ^ _201_/Y (sky130_fd_sc_hd__nor4_1)
   4.36   66.20 ^ __dut__._1215_/X (sky130_fd_sc_hd__mux2_1)
   0.00   66.20 ^ __dut__._1268_/D (sky130_fd_sc_hd__dfrtp_1)
          66.20   data arrival time

 100.00  100.00   clock tck (rise edge)
   0.00  100.00   clock network delay (ideal)
  -0.20   99.80   clock uncertainty
   0.00   99.80   clock reconvergence pessimism
          99.80 ^ __dut__._1268_/CLK (sky130_fd_sc_hd__dfrtp_1)
  -0.24   99.56   library setup time
          99.56   data required time
---------------------------------------------------------
          99.56   data required time
         -66.20   data arrival time
---------------------------------------------------------
          33.35   slack (MET)


Startpoint: _250_ (rising edge-triggered flip-flop clocked by tck)
Endpoint: __dut__._1269_ (rising edge-triggered flip-flop clocked by tck)
Path Group: tck
Path Type: max

  Delay    Time   Description
---------------------------------------------------------
   0.00    0.00   clock tck (rise edge)
   0.00    0.00   clock network delay (ideal)
   0.00    0.00 ^ _250_/CLK (sky130_fd_sc_hd__dfrtp_1)
   0.37    0.37 v _250_/Q (sky130_fd_sc_hd__dfrtp_1)
  61.47   61.84 ^ _201_/Y (sky130_fd_sc_hd__nor4_1)
   4.36   66.20 ^ __dut__._1216_/X (sky130_fd_sc_hd__mux2_1)
   0.00   66.20 ^ __dut__._1269_/D (sky130_fd_sc_hd__dfrtp_1)
          66.20   data arrival time

 100.00  100.00   clock tck (rise edge)
   0.00  100.00   clock network delay (ideal)
  -0.20   99.80   clock uncertainty
   0.00   99.80   clock reconvergence pessimism
          99.80 ^ __dut__._1269_/CLK (sky130_fd_sc_hd__dfrtp_1)
  -0.24   99.56   library setup time
          99.56   data required time
---------------------------------------------------------
          99.56   data required time
         -66.20   data arrival time
---------------------------------------------------------
          33.35   slack (MET)


Startpoint: _250_ (rising edge-triggered flip-flop clocked by tck)
Endpoint: __dut__._1270_ (rising edge-triggered flip-flop clocked by tck)
Path Group: tck
Path Type: max

  Delay    Time   Description
---------------------------------------------------------
   0.00    0.00   clock tck (rise edge)
   0.00    0.00   clock network delay (ideal)
   0.00    0.00 ^ _250_/CLK (sky130_fd_sc_hd__dfrtp_1)
   0.37    0.37 v _250_/Q (sky130_fd_sc_hd__dfrtp_1)
  61.47   61.84 ^ _201_/Y (sky130_fd_sc_hd__nor4_1)
   4.36   66.20 ^ __dut__._1217_/X (sky130_fd_sc_hd__mux2_1)
   0.00   66.20 ^ __dut__._1270_/D (sky130_fd_sc_hd__dfrtp_1)
          66.20   data arrival time

 100.00  100.00   clock tck (rise edge)
   0.00  100.00   clock network delay (ideal)
  -0.20   99.80   clock uncertainty
   0.00   99.80   clock reconvergence pessimism
          99.80 ^ __dut__._1270_/CLK (sky130_fd_sc_hd__dfrtp_1)
  -0.24   99.56   library setup time
          99.56   data required time
---------------------------------------------------------
          99.56   data required time
         -66.20   data arrival time
---------------------------------------------------------
          33.35   slack (MET)


Startpoint: _250_ (rising edge-triggered flip-flop clocked by tck)
Endpoint: __dut__._1271_ (rising edge-triggered flip-flop clocked by tck)
Path Group: tck
Path Type: max

  Delay    Time   Description
---------------------------------------------------------
   0.00    0.00   clock tck (rise edge)
   0.00    0.00   clock network delay (ideal)
   0.00    0.00 ^ _250_/CLK (sky130_fd_sc_hd__dfrtp_1)
   0.37    0.37 v _250_/Q (sky130_fd_sc_hd__dfrtp_1)
  61.47   61.84 ^ _201_/Y (sky130_fd_sc_hd__nor4_1)
   4.36   66.20 ^ __dut__._1218_/X (sky130_fd_sc_hd__mux2_1)
   0.00   66.20 ^ __dut__._1271_/D (sky130_fd_sc_hd__dfrtp_1)
          66.20   data arrival time

 100.00  100.00   clock tck (rise edge)
   0.00  100.00   clock network delay (ideal)
  -0.20   99.80   clock uncertainty
   0.00   99.80   clock reconvergence pessimism
          99.80 ^ __dut__._1271_/CLK (sky130_fd_sc_hd__dfrtp_1)
  -0.24   99.56   library setup time
          99.56   data required time
---------------------------------------------------------
          99.56   data required time
         -66.20   data arrival time
---------------------------------------------------------
          33.35   slack (MET)


Startpoint: _250_ (rising edge-triggered flip-flop clocked by tck)
Endpoint: __dut__._1272_ (rising edge-triggered flip-flop clocked by tck)
Path Group: tck
Path Type: max

  Delay    Time   Description
---------------------------------------------------------
   0.00    0.00   clock tck (rise edge)
   0.00    0.00   clock network delay (ideal)
   0.00    0.00 ^ _250_/CLK (sky130_fd_sc_hd__dfrtp_1)
   0.37    0.37 v _250_/Q (sky130_fd_sc_hd__dfrtp_1)
  61.47   61.84 ^ _201_/Y (sky130_fd_sc_hd__nor4_1)
   4.36   66.20 ^ __dut__._1219_/X (sky130_fd_sc_hd__mux2_1)
   0.00   66.20 ^ __dut__._1272_/D (sky130_fd_sc_hd__dfrtp_1)
          66.20   data arrival time

 100.00  100.00   clock tck (rise edge)
   0.00  100.00   clock network delay (ideal)
  -0.20   99.80   clock uncertainty
   0.00   99.80   clock reconvergence pessimism
          99.80 ^ __dut__._1272_/CLK (sky130_fd_sc_hd__dfrtp_1)
  -0.24   99.56   library setup time
          99.56   data required time
---------------------------------------------------------
          99.56   data required time
         -66.20   data arrival time
---------------------------------------------------------
          33.35   slack (MET)


Startpoint: _250_ (rising edge-triggered flip-flop clocked by tck)
Endpoint: __dut__._1273_ (rising edge-triggered flip-flop clocked by tck)
Path Group: tck
Path Type: max

  Delay    Time   Description
---------------------------------------------------------
   0.00    0.00   clock tck (rise edge)
   0.00    0.00   clock network delay (ideal)
   0.00    0.00 ^ _250_/CLK (sky130_fd_sc_hd__dfrtp_1)
   0.37    0.37 v _250_/Q (sky130_fd_sc_hd__dfrtp_1)
  61.47   61.84 ^ _201_/Y (sky130_fd_sc_hd__nor4_1)
   4.36   66.20 ^ __dut__._1220_/X (sky130_fd_sc_hd__mux2_1)
   0.00   66.20 ^ __dut__._1273_/D (sky130_fd_sc_hd__dfrtp_1)
          66.20   data arrival time

 100.00  100.00   clock tck (rise edge)
   0.00  100.00   clock network delay (ideal)
  -0.20   99.80   clock uncertainty
   0.00   99.80   clock reconvergence pessimism
          99.80 ^ __dut__._1273_/CLK (sky130_fd_sc_hd__dfrtp_1)
  -0.24   99.56   library setup time
          99.56   data required time
---------------------------------------------------------
          99.56   data required time
         -66.20   data arrival time
---------------------------------------------------------
          33.35   slack (MET)


Startpoint: _250_ (rising edge-triggered flip-flop clocked by tck)
Endpoint: __dut__._1274_ (rising edge-triggered flip-flop clocked by tck)
Path Group: tck
Path Type: max

  Delay    Time   Description
---------------------------------------------------------
   0.00    0.00   clock tck (rise edge)
   0.00    0.00   clock network delay (ideal)
   0.00    0.00 ^ _250_/CLK (sky130_fd_sc_hd__dfrtp_1)
   0.37    0.37 v _250_/Q (sky130_fd_sc_hd__dfrtp_1)
  61.47   61.84 ^ _201_/Y (sky130_fd_sc_hd__nor4_1)
   4.36   66.20 ^ __dut__._1221_/X (sky130_fd_sc_hd__mux2_1)
   0.00   66.20 ^ __dut__._1274_/D (sky130_fd_sc_hd__dfrtp_1)
          66.20   data arrival time

 100.00  100.00   clock tck (rise edge)
   0.00  100.00   clock network delay (ideal)
  -0.20   99.80   clock uncertainty
   0.00   99.80   clock reconvergence pessimism
          99.80 ^ __dut__._1274_/CLK (sky130_fd_sc_hd__dfrtp_1)
  -0.24   99.56   library setup time
          99.56   data required time
---------------------------------------------------------
          99.56   data required time
         -66.20   data arrival time
---------------------------------------------------------
          33.35   slack (MET)


Startpoint: _250_ (rising edge-triggered flip-flop clocked by tck)
Endpoint: __dut__._1275_ (rising edge-triggered flip-flop clocked by tck)
Path Group: tck
Path Type: max

  Delay    Time   Description
---------------------------------------------------------
   0.00    0.00   clock tck (rise edge)
   0.00    0.00   clock network delay (ideal)
   0.00    0.00 ^ _250_/CLK (sky130_fd_sc_hd__dfrtp_1)
   0.37    0.37 v _250_/Q (sky130_fd_sc_hd__dfrtp_1)
  61.47   61.84 ^ _201_/Y (sky130_fd_sc_hd__nor4_1)
   4.36   66.20 ^ __dut__._1222_/X (sky130_fd_sc_hd__mux2_1)
   0.00   66.20 ^ __dut__._1275_/D (sky130_fd_sc_hd__dfrtp_1)
          66.20   data arrival time

 100.00  100.00   clock tck (rise edge)
   0.00  100.00   clock network delay (ideal)
  -0.20   99.80   clock uncertainty
   0.00   99.80   clock reconvergence pessimism
          99.80 ^ __dut__._1275_/CLK (sky130_fd_sc_hd__dfrtp_1)
  -0.24   99.56   library setup time
          99.56   data required time
---------------------------------------------------------
          99.56   data required time
         -66.20   data arrival time
---------------------------------------------------------
          33.35   slack (MET)


Startpoint: _250_ (rising edge-triggered flip-flop clocked by tck)
Endpoint: __dut__._1276_ (rising edge-triggered flip-flop clocked by tck)
Path Group: tck
Path Type: max

  Delay    Time   Description
---------------------------------------------------------
   0.00    0.00   clock tck (rise edge)
   0.00    0.00   clock network delay (ideal)
   0.00    0.00 ^ _250_/CLK (sky130_fd_sc_hd__dfrtp_1)
   0.37    0.37 v _250_/Q (sky130_fd_sc_hd__dfrtp_1)
  61.47   61.84 ^ _201_/Y (sky130_fd_sc_hd__nor4_1)
   4.36   66.20 ^ __dut__._1223_/X (sky130_fd_sc_hd__mux2_1)
   0.00   66.20 ^ __dut__._1276_/D (sky130_fd_sc_hd__dfrtp_1)
          66.20   data arrival time

 100.00  100.00   clock tck (rise edge)
   0.00  100.00   clock network delay (ideal)
  -0.20   99.80   clock uncertainty
   0.00   99.80   clock reconvergence pessimism
          99.80 ^ __dut__._1276_/CLK (sky130_fd_sc_hd__dfrtp_1)
  -0.24   99.56   library setup time
          99.56   data required time
---------------------------------------------------------
          99.56   data required time
         -66.20   data arrival time
---------------------------------------------------------
          33.35   slack (MET)


Startpoint: _250_ (rising edge-triggered flip-flop clocked by tck)
Endpoint: __dut__._1277_ (rising edge-triggered flip-flop clocked by tck)
Path Group: tck
Path Type: max

  Delay    Time   Description
---------------------------------------------------------
   0.00    0.00   clock tck (rise edge)
   0.00    0.00   clock network delay (ideal)
   0.00    0.00 ^ _250_/CLK (sky130_fd_sc_hd__dfrtp_1)
   0.37    0.37 v _250_/Q (sky130_fd_sc_hd__dfrtp_1)
  61.47   61.84 ^ _201_/Y (sky130_fd_sc_hd__nor4_1)
   4.36   66.20 ^ __dut__._1224_/X (sky130_fd_sc_hd__mux2_1)
   0.00   66.20 ^ __dut__._1277_/D (sky130_fd_sc_hd__dfrtp_1)
          66.20   data arrival time

 100.00  100.00   clock tck (rise edge)
   0.00  100.00   clock network delay (ideal)
  -0.20   99.80   clock uncertainty
   0.00   99.80   clock reconvergence pessimism
          99.80 ^ __dut__._1277_/CLK (sky130_fd_sc_hd__dfrtp_1)
  -0.24   99.56   library setup time
          99.56   data required time
---------------------------------------------------------
          99.56   data required time
         -66.20   data arrival time
---------------------------------------------------------
          33.35   slack (MET)


Startpoint: _250_ (rising edge-triggered flip-flop clocked by tck)
Endpoint: __dut__._1278_ (rising edge-triggered flip-flop clocked by tck)
Path Group: tck
Path Type: max

  Delay    Time   Description
---------------------------------------------------------
   0.00    0.00   clock tck (rise edge)
   0.00    0.00   clock network delay (ideal)
   0.00    0.00 ^ _250_/CLK (sky130_fd_sc_hd__dfrtp_1)
   0.37    0.37 v _250_/Q (sky130_fd_sc_hd__dfrtp_1)
  61.47   61.84 ^ _201_/Y (sky130_fd_sc_hd__nor4_1)
   4.36   66.20 ^ __dut__._1225_/X (sky130_fd_sc_hd__mux2_1)
   0.00   66.20 ^ __dut__._1278_/D (sky130_fd_sc_hd__dfrtp_1)
          66.20   data arrival time

 100.00  100.00   clock tck (rise edge)
   0.00  100.00   clock network delay (ideal)
  -0.20   99.80   clock uncertainty
   0.00   99.80   clock reconvergence pessimism
          99.80 ^ __dut__._1278_/CLK (sky130_fd_sc_hd__dfrtp_1)
  -0.24   99.56   library setup time
          99.56   data required time
---------------------------------------------------------
          99.56   data required time
         -66.20   data arrival time
---------------------------------------------------------
          33.35   slack (MET)


Startpoint: _250_ (rising edge-triggered flip-flop clocked by tck)
Endpoint: __dut__._1279_ (rising edge-triggered flip-flop clocked by tck)
Path Group: tck
Path Type: max

  Delay    Time   Description
---------------------------------------------------------
   0.00    0.00   clock tck (rise edge)
   0.00    0.00   clock network delay (ideal)
   0.00    0.00 ^ _250_/CLK (sky130_fd_sc_hd__dfrtp_1)
   0.37    0.37 v _250_/Q (sky130_fd_sc_hd__dfrtp_1)
  61.47   61.84 ^ _201_/Y (sky130_fd_sc_hd__nor4_1)
   4.36   66.20 ^ __dut__._1226_/X (sky130_fd_sc_hd__mux2_1)
   0.00   66.20 ^ __dut__._1279_/D (sky130_fd_sc_hd__dfrtp_1)
          66.20   data arrival time

 100.00  100.00   clock tck (rise edge)
   0.00  100.00   clock network delay (ideal)
  -0.20   99.80   clock uncertainty
   0.00   99.80   clock reconvergence pessimism
          99.80 ^ __dut__._1279_/CLK (sky130_fd_sc_hd__dfrtp_1)
  -0.24   99.56   library setup time
          99.56   data required time
---------------------------------------------------------
          99.56   data required time
         -66.20   data arrival time
---------------------------------------------------------
          33.35   slack (MET)


Startpoint: _250_ (rising edge-triggered flip-flop clocked by tck)
Endpoint: __dut__._1280_ (rising edge-triggered flip-flop clocked by tck)
Path Group: tck
Path Type: max

  Delay    Time   Description
---------------------------------------------------------
   0.00    0.00   clock tck (rise edge)
   0.00    0.00   clock network delay (ideal)
   0.00    0.00 ^ _250_/CLK (sky130_fd_sc_hd__dfrtp_1)
   0.37    0.37 v _250_/Q (sky130_fd_sc_hd__dfrtp_1)
  61.47   61.84 ^ _201_/Y (sky130_fd_sc_hd__nor4_1)
   4.36   66.20 ^ __dut__._1227_/X (sky130_fd_sc_hd__mux2_1)
   0.00   66.20 ^ __dut__._1280_/D (sky130_fd_sc_hd__dfrtp_1)
          66.20   data arrival time

 100.00  100.00   clock tck (rise edge)
   0.00  100.00   clock network delay (ideal)
  -0.20   99.80   clock uncertainty
   0.00   99.80   clock reconvergence pessimism
          99.80 ^ __dut__._1280_/CLK (sky130_fd_sc_hd__dfrtp_1)
  -0.24   99.56   library setup time
          99.56   data required time
---------------------------------------------------------
          99.56   data required time
         -66.20   data arrival time
---------------------------------------------------------
          33.35   slack (MET)


Startpoint: _250_ (rising edge-triggered flip-flop clocked by tck)
Endpoint: __dut__._1281_ (rising edge-triggered flip-flop clocked by tck)
Path Group: tck
Path Type: max

  Delay    Time   Description
---------------------------------------------------------
   0.00    0.00   clock tck (rise edge)
   0.00    0.00   clock network delay (ideal)
   0.00    0.00 ^ _250_/CLK (sky130_fd_sc_hd__dfrtp_1)
   0.37    0.37 v _250_/Q (sky130_fd_sc_hd__dfrtp_1)
  61.47   61.84 ^ _201_/Y (sky130_fd_sc_hd__nor4_1)
   4.36   66.20 ^ __dut__._1228_/X (sky130_fd_sc_hd__mux2_1)
   0.00   66.20 ^ __dut__._1281_/D (sky130_fd_sc_hd__dfrtp_1)
          66.20   data arrival time

 100.00  100.00   clock tck (rise edge)
   0.00  100.00   clock network delay (ideal)
  -0.20   99.80   clock uncertainty
   0.00   99.80   clock reconvergence pessimism
          99.80 ^ __dut__._1281_/CLK (sky130_fd_sc_hd__dfrtp_1)
  -0.24   99.56   library setup time
          99.56   data required time
---------------------------------------------------------
          99.56   data required time
         -66.20   data arrival time
---------------------------------------------------------
          33.35   slack (MET)


Startpoint: _250_ (rising edge-triggered flip-flop clocked by tck)
Endpoint: __dut__._1282_ (rising edge-triggered flip-flop clocked by tck)
Path Group: tck
Path Type: max

  Delay    Time   Description
---------------------------------------------------------
   0.00    0.00   clock tck (rise edge)
   0.00    0.00   clock network delay (ideal)
   0.00    0.00 ^ _250_/CLK (sky130_fd_sc_hd__dfrtp_1)
   0.37    0.37 v _250_/Q (sky130_fd_sc_hd__dfrtp_1)
  61.47   61.84 ^ _201_/Y (sky130_fd_sc_hd__nor4_1)
   4.36   66.20 ^ __dut__._1229_/X (sky130_fd_sc_hd__mux2_1)
   0.00   66.20 ^ __dut__._1282_/D (sky130_fd_sc_hd__dfrtp_1)
          66.20   data arrival time

 100.00  100.00   clock tck (rise edge)
   0.00  100.00   clock network delay (ideal)
  -0.20   99.80   clock uncertainty
   0.00   99.80   clock reconvergence pessimism
          99.80 ^ __dut__._1282_/CLK (sky130_fd_sc_hd__dfrtp_1)
  -0.24   99.56   library setup time
          99.56   data required time
---------------------------------------------------------
          99.56   data required time
         -66.20   data arrival time
---------------------------------------------------------
          33.35   slack (MET)


Startpoint: _250_ (rising edge-triggered flip-flop clocked by tck)
Endpoint: __dut__._1283_ (rising edge-triggered flip-flop clocked by tck)
Path Group: tck
Path Type: max

  Delay    Time   Description
---------------------------------------------------------
   0.00    0.00   clock tck (rise edge)
   0.00    0.00   clock network delay (ideal)
   0.00    0.00 ^ _250_/CLK (sky130_fd_sc_hd__dfrtp_1)
   0.37    0.37 v _250_/Q (sky130_fd_sc_hd__dfrtp_1)
  61.47   61.84 ^ _201_/Y (sky130_fd_sc_hd__nor4_1)
   4.36   66.20 ^ __dut__._1230_/X (sky130_fd_sc_hd__mux2_1)
   0.00   66.20 ^ __dut__._1283_/D (sky130_fd_sc_hd__dfrtp_1)
          66.20   data arrival time

 100.00  100.00   clock tck (rise edge)
   0.00  100.00   clock network delay (ideal)
  -0.20   99.80   clock uncertainty
   0.00   99.80   clock reconvergence pessimism
          99.80 ^ __dut__._1283_/CLK (sky130_fd_sc_hd__dfrtp_1)
  -0.24   99.56   library setup time
          99.56   data required time
---------------------------------------------------------
          99.56   data required time
         -66.20   data arrival time
---------------------------------------------------------
          33.35   slack (MET)


Startpoint: _250_ (rising edge-triggered flip-flop clocked by tck)
Endpoint: __dut__._1284_ (rising edge-triggered flip-flop clocked by tck)
Path Group: tck
Path Type: max

  Delay    Time   Description
---------------------------------------------------------
   0.00    0.00   clock tck (rise edge)
   0.00    0.00   clock network delay (ideal)
   0.00    0.00 ^ _250_/CLK (sky130_fd_sc_hd__dfrtp_1)
   0.37    0.37 v _250_/Q (sky130_fd_sc_hd__dfrtp_1)
  61.47   61.84 ^ _201_/Y (sky130_fd_sc_hd__nor4_1)
   4.36   66.20 ^ __dut__._1231_/X (sky130_fd_sc_hd__mux2_1)
   0.00   66.20 ^ __dut__._1284_/D (sky130_fd_sc_hd__dfrtp_1)
          66.20   data arrival time

 100.00  100.00   clock tck (rise edge)
   0.00  100.00   clock network delay (ideal)
  -0.20   99.80   clock uncertainty
   0.00   99.80   clock reconvergence pessimism
          99.80 ^ __dut__._1284_/CLK (sky130_fd_sc_hd__dfrtp_1)
  -0.24   99.56   library setup time
          99.56   data required time
---------------------------------------------------------
          99.56   data required time
         -66.20   data arrival time
---------------------------------------------------------
          33.35   slack (MET)


Startpoint: _250_ (rising edge-triggered flip-flop clocked by tck)
Endpoint: __dut__._1285_ (rising edge-triggered flip-flop clocked by tck)
Path Group: tck
Path Type: max

  Delay    Time   Description
---------------------------------------------------------
   0.00    0.00   clock tck (rise edge)
   0.00    0.00   clock network delay (ideal)
   0.00    0.00 ^ _250_/CLK (sky130_fd_sc_hd__dfrtp_1)
   0.37    0.37 v _250_/Q (sky130_fd_sc_hd__dfrtp_1)
  61.47   61.84 ^ _201_/Y (sky130_fd_sc_hd__nor4_1)
   4.36   66.20 ^ __dut__._1232_/X (sky130_fd_sc_hd__mux2_1)
   0.00   66.20 ^ __dut__._1285_/D (sky130_fd_sc_hd__dfrtp_1)
          66.20   data arrival time

 100.00  100.00   clock tck (rise edge)
   0.00  100.00   clock network delay (ideal)
  -0.20   99.80   clock uncertainty
   0.00   99.80   clock reconvergence pessimism
          99.80 ^ __dut__._1285_/CLK (sky130_fd_sc_hd__dfrtp_1)
  -0.24   99.56   library setup time
          99.56   data required time
---------------------------------------------------------
          99.56   data required time
         -66.20   data arrival time
---------------------------------------------------------
          33.35   slack (MET)


Startpoint: _250_ (rising edge-triggered flip-flop clocked by tck)
Endpoint: __dut__._1286_ (rising edge-triggered flip-flop clocked by tck)
Path Group: tck
Path Type: max

  Delay    Time   Description
---------------------------------------------------------
   0.00    0.00   clock tck (rise edge)
   0.00    0.00   clock network delay (ideal)
   0.00    0.00 ^ _250_/CLK (sky130_fd_sc_hd__dfrtp_1)
   0.37    0.37 v _250_/Q (sky130_fd_sc_hd__dfrtp_1)
  61.47   61.84 ^ _201_/Y (sky130_fd_sc_hd__nor4_1)
   4.36   66.20 ^ __dut__._1233_/X (sky130_fd_sc_hd__mux2_1)
   0.00   66.20 ^ __dut__._1286_/D (sky130_fd_sc_hd__dfrtp_1)
          66.20   data arrival time

 100.00  100.00   clock tck (rise edge)
   0.00  100.00   clock network delay (ideal)
  -0.20   99.80   clock uncertainty
   0.00   99.80   clock reconvergence pessimism
          99.80 ^ __dut__._1286_/CLK (sky130_fd_sc_hd__dfrtp_1)
  -0.24   99.56   library setup time
          99.56   data required time
---------------------------------------------------------
          99.56   data required time
         -66.20   data arrival time
---------------------------------------------------------
          33.35   slack (MET)


