Startpoint: resetn (input port clocked by clock)
Endpoint: _3062_ (rising edge-triggered flip-flop clocked by clock)
Path Group: clock
Path Type: max

  Delay    Time   Description
---------------------------------------------------------
   0.00    0.00   clock clock (rise edge)
   0.00    0.00   clock network delay (ideal)
   1.00    1.00 ^ input external delay
   0.00    1.00 ^ resetn (in)
   0.93    1.93 v _2526_/Y (sky130_fd_sc_hd__clkinv_1)
   0.40    2.32 ^ _1596_/Y (sky130_fd_sc_hd__nor2_1)
   0.56    2.89 ^ _1600_/X (sky130_fd_sc_hd__o211a_1)
   0.95    3.84 ^ _1647_/Y (sky130_fd_sc_hd__nor4b_1)
   0.29    4.13 v _1648_/Y (sky130_fd_sc_hd__nor2_1)
   0.28    4.41 v _2493_/X (sky130_fd_sc_hd__a32o_1)
   0.00    4.41 v _3062_/D (sky130_fd_sc_hd__dfxtp_1)
           4.41   data arrival time

  10.00   10.00   clock clock (rise edge)
   0.00   10.00   clock network delay (ideal)
  -0.20    9.80   clock uncertainty
   0.00    9.80   clock reconvergence pessimism
           9.80 ^ _3062_/CLK (sky130_fd_sc_hd__dfxtp_1)
  -0.12    9.68   library setup time
           9.68   data required time
---------------------------------------------------------
           9.68   data required time
          -4.41   data arrival time
---------------------------------------------------------
           5.27   slack (MET)


Startpoint: resetn (input port clocked by clock)
Endpoint: _3054_ (rising edge-triggered flip-flop clocked by clock)
Path Group: clock
Path Type: max

  Delay    Time   Description
---------------------------------------------------------
   0.00    0.00   clock clock (rise edge)
   0.00    0.00   clock network delay (ideal)
   1.00    1.00 ^ input external delay
   0.00    1.00 ^ resetn (in)
   0.93    1.93 v _2526_/Y (sky130_fd_sc_hd__clkinv_1)
   0.40    2.32 ^ _1596_/Y (sky130_fd_sc_hd__nor2_1)
   0.56    2.89 ^ _1600_/X (sky130_fd_sc_hd__o211a_1)
   0.95    3.84 ^ _1647_/Y (sky130_fd_sc_hd__nor4b_1)
   0.29    4.13 v _1648_/Y (sky130_fd_sc_hd__nor2_1)
   0.26    4.39 v _1656_/X (sky130_fd_sc_hd__a22o_1)
   0.00    4.39 v _3054_/D (sky130_fd_sc_hd__dfxtp_1)
           4.39   data arrival time

  10.00   10.00   clock clock (rise edge)
   0.00   10.00   clock network delay (ideal)
  -0.20    9.80   clock uncertainty
   0.00    9.80   clock reconvergence pessimism
           9.80 ^ _3054_/CLK (sky130_fd_sc_hd__dfxtp_1)
  -0.12    9.68   library setup time
           9.68   data required time
---------------------------------------------------------
           9.68   data required time
          -4.39   data arrival time
---------------------------------------------------------
           5.30   slack (MET)


Startpoint: resetn (input port clocked by clock)
Endpoint: _3055_ (rising edge-triggered flip-flop clocked by clock)
Path Group: clock
Path Type: max

  Delay    Time   Description
---------------------------------------------------------
   0.00    0.00   clock clock (rise edge)
   0.00    0.00   clock network delay (ideal)
   1.00    1.00 ^ input external delay
   0.00    1.00 ^ resetn (in)
   0.93    1.93 v _2526_/Y (sky130_fd_sc_hd__clkinv_1)
   0.40    2.32 ^ _1596_/Y (sky130_fd_sc_hd__nor2_1)
   0.56    2.89 ^ _1600_/X (sky130_fd_sc_hd__o211a_1)
   0.95    3.84 ^ _1647_/Y (sky130_fd_sc_hd__nor4b_1)
   0.29    4.13 v _1648_/Y (sky130_fd_sc_hd__nor2_1)
   0.26    4.39 v _1655_/X (sky130_fd_sc_hd__a22o_1)
   0.00    4.39 v _3055_/D (sky130_fd_sc_hd__dfxtp_1)
           4.39   data arrival time

  10.00   10.00   clock clock (rise edge)
   0.00   10.00   clock network delay (ideal)
  -0.20    9.80   clock uncertainty
   0.00    9.80   clock reconvergence pessimism
           9.80 ^ _3055_/CLK (sky130_fd_sc_hd__dfxtp_1)
  -0.12    9.68   library setup time
           9.68   data required time
---------------------------------------------------------
           9.68   data required time
          -4.39   data arrival time
---------------------------------------------------------
           5.30   slack (MET)


Startpoint: resetn (input port clocked by clock)
Endpoint: _3056_ (rising edge-triggered flip-flop clocked by clock)
Path Group: clock
Path Type: max

  Delay    Time   Description
---------------------------------------------------------
   0.00    0.00   clock clock (rise edge)
   0.00    0.00   clock network delay (ideal)
   1.00    1.00 ^ input external delay
   0.00    1.00 ^ resetn (in)
   0.93    1.93 v _2526_/Y (sky130_fd_sc_hd__clkinv_1)
   0.40    2.32 ^ _1596_/Y (sky130_fd_sc_hd__nor2_1)
   0.56    2.89 ^ _1600_/X (sky130_fd_sc_hd__o211a_1)
   0.95    3.84 ^ _1647_/Y (sky130_fd_sc_hd__nor4b_1)
   0.29    4.13 v _1648_/Y (sky130_fd_sc_hd__nor2_1)
   0.26    4.39 v _1654_/X (sky130_fd_sc_hd__a22o_1)
   0.00    4.39 v _3056_/D (sky130_fd_sc_hd__dfxtp_1)
           4.39   data arrival time

  10.00   10.00   clock clock (rise edge)
   0.00   10.00   clock network delay (ideal)
  -0.20    9.80   clock uncertainty
   0.00    9.80   clock reconvergence pessimism
           9.80 ^ _3056_/CLK (sky130_fd_sc_hd__dfxtp_1)
  -0.12    9.68   library setup time
           9.68   data required time
---------------------------------------------------------
           9.68   data required time
          -4.39   data arrival time
---------------------------------------------------------
           5.30   slack (MET)


Startpoint: resetn (input port clocked by clock)
Endpoint: _3057_ (rising edge-triggered flip-flop clocked by clock)
Path Group: clock
Path Type: max

  Delay    Time   Description
---------------------------------------------------------
   0.00    0.00   clock clock (rise edge)
   0.00    0.00   clock network delay (ideal)
   1.00    1.00 ^ input external delay
   0.00    1.00 ^ resetn (in)
   0.93    1.93 v _2526_/Y (sky130_fd_sc_hd__clkinv_1)
   0.40    2.32 ^ _1596_/Y (sky130_fd_sc_hd__nor2_1)
   0.56    2.89 ^ _1600_/X (sky130_fd_sc_hd__o211a_1)
   0.95    3.84 ^ _1647_/Y (sky130_fd_sc_hd__nor4b_1)
   0.29    4.13 v _1648_/Y (sky130_fd_sc_hd__nor2_1)
   0.26    4.39 v _1653_/X (sky130_fd_sc_hd__a22o_1)
   0.00    4.39 v _3057_/D (sky130_fd_sc_hd__dfxtp_1)
           4.39   data arrival time

  10.00   10.00   clock clock (rise edge)
   0.00   10.00   clock network delay (ideal)
  -0.20    9.80   clock uncertainty
   0.00    9.80   clock reconvergence pessimism
           9.80 ^ _3057_/CLK (sky130_fd_sc_hd__dfxtp_1)
  -0.12    9.68   library setup time
           9.68   data required time
---------------------------------------------------------
           9.68   data required time
          -4.39   data arrival time
---------------------------------------------------------
           5.30   slack (MET)


Startpoint: resetn (input port clocked by clock)
Endpoint: _3058_ (rising edge-triggered flip-flop clocked by clock)
Path Group: clock
Path Type: max

  Delay    Time   Description
---------------------------------------------------------
   0.00    0.00   clock clock (rise edge)
   0.00    0.00   clock network delay (ideal)
   1.00    1.00 ^ input external delay
   0.00    1.00 ^ resetn (in)
   0.93    1.93 v _2526_/Y (sky130_fd_sc_hd__clkinv_1)
   0.40    2.32 ^ _1596_/Y (sky130_fd_sc_hd__nor2_1)
   0.56    2.89 ^ _1600_/X (sky130_fd_sc_hd__o211a_1)
   0.95    3.84 ^ _1647_/Y (sky130_fd_sc_hd__nor4b_1)
   0.29    4.13 v _1648_/Y (sky130_fd_sc_hd__nor2_1)
   0.26    4.39 v _1652_/X (sky130_fd_sc_hd__a22o_1)
   0.00    4.39 v _3058_/D (sky130_fd_sc_hd__dfxtp_1)
           4.39   data arrival time

  10.00   10.00   clock clock (rise edge)
   0.00   10.00   clock network delay (ideal)
  -0.20    9.80   clock uncertainty
   0.00    9.80   clock reconvergence pessimism
           9.80 ^ _3058_/CLK (sky130_fd_sc_hd__dfxtp_1)
  -0.12    9.68   library setup time
           9.68   data required time
---------------------------------------------------------
           9.68   data required time
          -4.39   data arrival time
---------------------------------------------------------
           5.30   slack (MET)


Startpoint: resetn (input port clocked by clock)
Endpoint: _3059_ (rising edge-triggered flip-flop clocked by clock)
Path Group: clock
Path Type: max

  Delay    Time   Description
---------------------------------------------------------
   0.00    0.00   clock clock (rise edge)
   0.00    0.00   clock network delay (ideal)
   1.00    1.00 ^ input external delay
   0.00    1.00 ^ resetn (in)
   0.93    1.93 v _2526_/Y (sky130_fd_sc_hd__clkinv_1)
   0.40    2.32 ^ _1596_/Y (sky130_fd_sc_hd__nor2_1)
   0.56    2.89 ^ _1600_/X (sky130_fd_sc_hd__o211a_1)
   0.95    3.84 ^ _1647_/Y (sky130_fd_sc_hd__nor4b_1)
   0.29    4.13 v _1648_/Y (sky130_fd_sc_hd__nor2_1)
   0.26    4.39 v _1651_/X (sky130_fd_sc_hd__a22o_1)
   0.00    4.39 v _3059_/D (sky130_fd_sc_hd__dfxtp_1)
           4.39   data arrival time

  10.00   10.00   clock clock (rise edge)
   0.00   10.00   clock network delay (ideal)
  -0.20    9.80   clock uncertainty
   0.00    9.80   clock reconvergence pessimism
           9.80 ^ _3059_/CLK (sky130_fd_sc_hd__dfxtp_1)
  -0.12    9.68   library setup time
           9.68   data required time
---------------------------------------------------------
           9.68   data required time
          -4.39   data arrival time
---------------------------------------------------------
           5.30   slack (MET)


Startpoint: resetn (input port clocked by clock)
Endpoint: _3060_ (rising edge-triggered flip-flop clocked by clock)
Path Group: clock
Path Type: max

  Delay    Time   Description
---------------------------------------------------------
   0.00    0.00   clock clock (rise edge)
   0.00    0.00   clock network delay (ideal)
   1.00    1.00 ^ input external delay
   0.00    1.00 ^ resetn (in)
   0.93    1.93 v _2526_/Y (sky130_fd_sc_hd__clkinv_1)
   0.40    2.32 ^ _1596_/Y (sky130_fd_sc_hd__nor2_1)
   0.56    2.89 ^ _1600_/X (sky130_fd_sc_hd__o211a_1)
   0.95    3.84 ^ _1647_/Y (sky130_fd_sc_hd__nor4b_1)
   0.29    4.13 v _1648_/Y (sky130_fd_sc_hd__nor2_1)
   0.26    4.39 v _1650_/X (sky130_fd_sc_hd__a22o_1)
   0.00    4.39 v _3060_/D (sky130_fd_sc_hd__dfxtp_1)
           4.39   data arrival time

  10.00   10.00   clock clock (rise edge)
   0.00   10.00   clock network delay (ideal)
  -0.20    9.80   clock uncertainty
   0.00    9.80   clock reconvergence pessimism
           9.80 ^ _3060_/CLK (sky130_fd_sc_hd__dfxtp_1)
  -0.12    9.68   library setup time
           9.68   data required time
---------------------------------------------------------
           9.68   data required time
          -4.39   data arrival time
---------------------------------------------------------
           5.30   slack (MET)


Startpoint: resetn (input port clocked by clock)
Endpoint: _3061_ (rising edge-triggered flip-flop clocked by clock)
Path Group: clock
Path Type: max

  Delay    Time   Description
---------------------------------------------------------
   0.00    0.00   clock clock (rise edge)
   0.00    0.00   clock network delay (ideal)
   1.00    1.00 ^ input external delay
   0.00    1.00 ^ resetn (in)
   0.93    1.93 v _2526_/Y (sky130_fd_sc_hd__clkinv_1)
   0.40    2.32 ^ _1596_/Y (sky130_fd_sc_hd__nor2_1)
   0.56    2.89 ^ _1600_/X (sky130_fd_sc_hd__o211a_1)
   0.95    3.84 ^ _1647_/Y (sky130_fd_sc_hd__nor4b_1)
   0.29    4.13 v _1648_/Y (sky130_fd_sc_hd__nor2_1)
   0.26    4.39 v _1649_/X (sky130_fd_sc_hd__a22o_1)
   0.00    4.39 v _3061_/D (sky130_fd_sc_hd__dfxtp_1)
           4.39   data arrival time

  10.00   10.00   clock clock (rise edge)
   0.00   10.00   clock network delay (ideal)
  -0.20    9.80   clock uncertainty
   0.00    9.80   clock reconvergence pessimism
           9.80 ^ _3061_/CLK (sky130_fd_sc_hd__dfxtp_1)
  -0.12    9.68   library setup time
           9.68   data required time
---------------------------------------------------------
           9.68   data required time
          -4.39   data arrival time
---------------------------------------------------------
           5.30   slack (MET)


Startpoint: resetn (input port clocked by clock)
Endpoint: _2889_ (rising edge-triggered flip-flop clocked by clock)
Path Group: clock
Path Type: max

  Delay    Time   Description
---------------------------------------------------------
   0.00    0.00   clock clock (rise edge)
   0.00    0.00   clock network delay (ideal)
   1.00    1.00 ^ input external delay
   0.00    1.00 ^ resetn (in)
   0.93    1.93 v _2526_/Y (sky130_fd_sc_hd__clkinv_1)
   0.47    2.39 ^ _1956_/Y (sky130_fd_sc_hd__nor2_1)
   0.47    2.86 ^ _1965_/X (sky130_fd_sc_hd__o211a_1)
   0.94    3.81 ^ _1992_/Y (sky130_fd_sc_hd__nor4b_1)
   0.29    4.10 v _1993_/Y (sky130_fd_sc_hd__nor2_1)
   0.28    4.38 v _2451_/X (sky130_fd_sc_hd__a32o_1)
   0.00    4.38 v _2889_/D (sky130_fd_sc_hd__dfxtp_1)
           4.38   data arrival time

  10.00   10.00   clock clock (rise edge)
   0.00   10.00   clock network delay (ideal)
  -0.20    9.80   clock uncertainty
   0.00    9.80   clock reconvergence pessimism
           9.80 ^ _2889_/CLK (sky130_fd_sc_hd__dfxtp_1)
  -0.12    9.68   library setup time
           9.68   data required time
---------------------------------------------------------
           9.68   data required time
          -4.38   data arrival time
---------------------------------------------------------
           5.30   slack (MET)


Startpoint: resetn (input port clocked by clock)
Endpoint: _2881_ (rising edge-triggered flip-flop clocked by clock)
Path Group: clock
Path Type: max

  Delay    Time   Description
---------------------------------------------------------
   0.00    0.00   clock clock (rise edge)
   0.00    0.00   clock network delay (ideal)
   1.00    1.00 ^ input external delay
   0.00    1.00 ^ resetn (in)
   0.93    1.93 v _2526_/Y (sky130_fd_sc_hd__clkinv_1)
   0.47    2.39 ^ _1956_/Y (sky130_fd_sc_hd__nor2_1)
   0.47    2.86 ^ _1965_/X (sky130_fd_sc_hd__o211a_1)
   0.94    3.81 ^ _1992_/Y (sky130_fd_sc_hd__nor4b_1)
   0.29    4.10 v _1993_/Y (sky130_fd_sc_hd__nor2_1)
   0.26    4.36 v _2001_/X (sky130_fd_sc_hd__a22o_1)
   0.00    4.36 v _2881_/D (sky130_fd_sc_hd__dfxtp_1)
           4.36   data arrival time

  10.00   10.00   clock clock (rise edge)
   0.00   10.00   clock network delay (ideal)
  -0.20    9.80   clock uncertainty
   0.00    9.80   clock reconvergence pessimism
           9.80 ^ _2881_/CLK (sky130_fd_sc_hd__dfxtp_1)
  -0.12    9.68   library setup time
           9.68   data required time
---------------------------------------------------------
           9.68   data required time
          -4.36   data arrival time
---------------------------------------------------------
           5.33   slack (MET)


Startpoint: resetn (input port clocked by clock)
Endpoint: _2882_ (rising edge-triggered flip-flop clocked by clock)
Path Group: clock
Path Type: max

  Delay    Time   Description
---------------------------------------------------------
   0.00    0.00   clock clock (rise edge)
   0.00    0.00   clock network delay (ideal)
   1.00    1.00 ^ input external delay
   0.00    1.00 ^ resetn (in)
   0.93    1.93 v _2526_/Y (sky130_fd_sc_hd__clkinv_1)
   0.47    2.39 ^ _1956_/Y (sky130_fd_sc_hd__nor2_1)
   0.47    2.86 ^ _1965_/X (sky130_fd_sc_hd__o211a_1)
   0.94    3.81 ^ _1992_/Y (sky130_fd_sc_hd__nor4b_1)
   0.29    4.10 v _1993_/Y (sky130_fd_sc_hd__nor2_1)
   0.26    4.36 v _2000_/X (sky130_fd_sc_hd__a22o_1)
   0.00    4.36 v _2882_/D (sky130_fd_sc_hd__dfxtp_1)
           4.36   data arrival time

  10.00   10.00   clock clock (rise edge)
   0.00   10.00   clock network delay (ideal)
  -0.20    9.80   clock uncertainty
   0.00    9.80   clock reconvergence pessimism
           9.80 ^ _2882_/CLK (sky130_fd_sc_hd__dfxtp_1)
  -0.12    9.68   library setup time
           9.68   data required time
---------------------------------------------------------
           9.68   data required time
          -4.36   data arrival time
---------------------------------------------------------
           5.33   slack (MET)


Startpoint: resetn (input port clocked by clock)
Endpoint: _2883_ (rising edge-triggered flip-flop clocked by clock)
Path Group: clock
Path Type: max

  Delay    Time   Description
---------------------------------------------------------
   0.00    0.00   clock clock (rise edge)
   0.00    0.00   clock network delay (ideal)
   1.00    1.00 ^ input external delay
   0.00    1.00 ^ resetn (in)
   0.93    1.93 v _2526_/Y (sky130_fd_sc_hd__clkinv_1)
   0.47    2.39 ^ _1956_/Y (sky130_fd_sc_hd__nor2_1)
   0.47    2.86 ^ _1965_/X (sky130_fd_sc_hd__o211a_1)
   0.94    3.81 ^ _1992_/Y (sky130_fd_sc_hd__nor4b_1)
   0.29    4.10 v _1993_/Y (sky130_fd_sc_hd__nor2_1)
   0.26    4.36 v _1999_/X (sky130_fd_sc_hd__a22o_1)
   0.00    4.36 v _2883_/D (sky130_fd_sc_hd__dfxtp_1)
           4.36   data arrival time

  10.00   10.00   clock clock (rise edge)
   0.00   10.00   clock network delay (ideal)
  -0.20    9.80   clock uncertainty
   0.00    9.80   clock reconvergence pessimism
           9.80 ^ _2883_/CLK (sky130_fd_sc_hd__dfxtp_1)
  -0.12    9.68   library setup time
           9.68   data required time
---------------------------------------------------------
           9.68   data required time
          -4.36   data arrival time
---------------------------------------------------------
           5.33   slack (MET)


Startpoint: resetn (input port clocked by clock)
Endpoint: _2884_ (rising edge-triggered flip-flop clocked by clock)
Path Group: clock
Path Type: max

  Delay    Time   Description
---------------------------------------------------------
   0.00    0.00   clock clock (rise edge)
   0.00    0.00   clock network delay (ideal)
   1.00    1.00 ^ input external delay
   0.00    1.00 ^ resetn (in)
   0.93    1.93 v _2526_/Y (sky130_fd_sc_hd__clkinv_1)
   0.47    2.39 ^ _1956_/Y (sky130_fd_sc_hd__nor2_1)
   0.47    2.86 ^ _1965_/X (sky130_fd_sc_hd__o211a_1)
   0.94    3.81 ^ _1992_/Y (sky130_fd_sc_hd__nor4b_1)
   0.29    4.10 v _1993_/Y (sky130_fd_sc_hd__nor2_1)
   0.26    4.36 v _1998_/X (sky130_fd_sc_hd__a22o_1)
   0.00    4.36 v _2884_/D (sky130_fd_sc_hd__dfxtp_1)
           4.36   data arrival time

  10.00   10.00   clock clock (rise edge)
   0.00   10.00   clock network delay (ideal)
  -0.20    9.80   clock uncertainty
   0.00    9.80   clock reconvergence pessimism
           9.80 ^ _2884_/CLK (sky130_fd_sc_hd__dfxtp_1)
  -0.12    9.68   library setup time
           9.68   data required time
---------------------------------------------------------
           9.68   data required time
          -4.36   data arrival time
---------------------------------------------------------
           5.33   slack (MET)


Startpoint: resetn (input port clocked by clock)
Endpoint: _2885_ (rising edge-triggered flip-flop clocked by clock)
Path Group: clock
Path Type: max

  Delay    Time   Description
---------------------------------------------------------
   0.00    0.00   clock clock (rise edge)
   0.00    0.00   clock network delay (ideal)
   1.00    1.00 ^ input external delay
   0.00    1.00 ^ resetn (in)
   0.93    1.93 v _2526_/Y (sky130_fd_sc_hd__clkinv_1)
   0.47    2.39 ^ _1956_/Y (sky130_fd_sc_hd__nor2_1)
   0.47    2.86 ^ _1965_/X (sky130_fd_sc_hd__o211a_1)
   0.94    3.81 ^ _1992_/Y (sky130_fd_sc_hd__nor4b_1)
   0.29    4.10 v _1993_/Y (sky130_fd_sc_hd__nor2_1)
   0.26    4.36 v _1997_/X (sky130_fd_sc_hd__a22o_1)
   0.00    4.36 v _2885_/D (sky130_fd_sc_hd__dfxtp_1)
           4.36   data arrival time

  10.00   10.00   clock clock (rise edge)
   0.00   10.00   clock network delay (ideal)
  -0.20    9.80   clock uncertainty
   0.00    9.80   clock reconvergence pessimism
           9.80 ^ _2885_/CLK (sky130_fd_sc_hd__dfxtp_1)
  -0.12    9.68   library setup time
           9.68   data required time
---------------------------------------------------------
           9.68   data required time
          -4.36   data arrival time
---------------------------------------------------------
           5.33   slack (MET)


Startpoint: resetn (input port clocked by clock)
Endpoint: _2886_ (rising edge-triggered flip-flop clocked by clock)
Path Group: clock
Path Type: max

  Delay    Time   Description
---------------------------------------------------------
   0.00    0.00   clock clock (rise edge)
   0.00    0.00   clock network delay (ideal)
   1.00    1.00 ^ input external delay
   0.00    1.00 ^ resetn (in)
   0.93    1.93 v _2526_/Y (sky130_fd_sc_hd__clkinv_1)
   0.47    2.39 ^ _1956_/Y (sky130_fd_sc_hd__nor2_1)
   0.47    2.86 ^ _1965_/X (sky130_fd_sc_hd__o211a_1)
   0.94    3.81 ^ _1992_/Y (sky130_fd_sc_hd__nor4b_1)
   0.29    4.10 v _1993_/Y (sky130_fd_sc_hd__nor2_1)
   0.26    4.36 v _1996_/X (sky130_fd_sc_hd__a22o_1)
   0.00    4.36 v _2886_/D (sky130_fd_sc_hd__dfxtp_1)
           4.36   data arrival time

  10.00   10.00   clock clock (rise edge)
   0.00   10.00   clock network delay (ideal)
  -0.20    9.80   clock uncertainty
   0.00    9.80   clock reconvergence pessimism
           9.80 ^ _2886_/CLK (sky130_fd_sc_hd__dfxtp_1)
  -0.12    9.68   library setup time
           9.68   data required time
---------------------------------------------------------
           9.68   data required time
          -4.36   data arrival time
---------------------------------------------------------
           5.33   slack (MET)


Startpoint: resetn (input port clocked by clock)
Endpoint: _2887_ (rising edge-triggered flip-flop clocked by clock)
Path Group: clock
Path Type: max

  Delay    Time   Description
---------------------------------------------------------
   0.00    0.00   clock clock (rise edge)
   0.00    0.00   clock network delay (ideal)
   1.00    1.00 ^ input external delay
   0.00    1.00 ^ resetn (in)
   0.93    1.93 v _2526_/Y (sky130_fd_sc_hd__clkinv_1)
   0.47    2.39 ^ _1956_/Y (sky130_fd_sc_hd__nor2_1)
   0.47    2.86 ^ _1965_/X (sky130_fd_sc_hd__o211a_1)
   0.94    3.81 ^ _1992_/Y (sky130_fd_sc_hd__nor4b_1)
   0.29    4.10 v _1993_/Y (sky130_fd_sc_hd__nor2_1)
   0.26    4.36 v _1995_/X (sky130_fd_sc_hd__a22o_1)
   0.00    4.36 v _2887_/D (sky130_fd_sc_hd__dfxtp_1)
           4.36   data arrival time

  10.00   10.00   clock clock (rise edge)
   0.00   10.00   clock network delay (ideal)
  -0.20    9.80   clock uncertainty
   0.00    9.80   clock reconvergence pessimism
           9.80 ^ _2887_/CLK (sky130_fd_sc_hd__dfxtp_1)
  -0.12    9.68   library setup time
           9.68   data required time
---------------------------------------------------------
           9.68   data required time
          -4.36   data arrival time
---------------------------------------------------------
           5.33   slack (MET)


Startpoint: resetn (input port clocked by clock)
Endpoint: _2888_ (rising edge-triggered flip-flop clocked by clock)
Path Group: clock
Path Type: max

  Delay    Time   Description
---------------------------------------------------------
   0.00    0.00   clock clock (rise edge)
   0.00    0.00   clock network delay (ideal)
   1.00    1.00 ^ input external delay
   0.00    1.00 ^ resetn (in)
   0.93    1.93 v _2526_/Y (sky130_fd_sc_hd__clkinv_1)
   0.47    2.39 ^ _1956_/Y (sky130_fd_sc_hd__nor2_1)
   0.47    2.86 ^ _1965_/X (sky130_fd_sc_hd__o211a_1)
   0.94    3.81 ^ _1992_/Y (sky130_fd_sc_hd__nor4b_1)
   0.29    4.10 v _1993_/Y (sky130_fd_sc_hd__nor2_1)
   0.26    4.36 v _1994_/X (sky130_fd_sc_hd__a22o_1)
   0.00    4.36 v _2888_/D (sky130_fd_sc_hd__dfxtp_1)
           4.36   data arrival time

  10.00   10.00   clock clock (rise edge)
   0.00   10.00   clock network delay (ideal)
  -0.20    9.80   clock uncertainty
   0.00    9.80   clock reconvergence pessimism
           9.80 ^ _2888_/CLK (sky130_fd_sc_hd__dfxtp_1)
  -0.12    9.68   library setup time
           9.68   data required time
---------------------------------------------------------
           9.68   data required time
          -4.36   data arrival time
---------------------------------------------------------
           5.33   slack (MET)


Startpoint: resetn (input port clocked by clock)
Endpoint: _3169_ (rising edge-triggered flip-flop clocked by clock)
Path Group: clock
Path Type: max

  Delay    Time   Description
---------------------------------------------------------
   0.00    0.00   clock clock (rise edge)
   0.00    0.00   clock network delay (ideal)
   1.00    1.00 ^ input external delay
   0.00    1.00 ^ resetn (in)
   0.93    1.93 v _2526_/Y (sky130_fd_sc_hd__clkinv_1)
   0.49    2.42 ^ _1406_/Y (sky130_fd_sc_hd__nor2_1)
   0.31    2.73 v _1408_/Y (sky130_fd_sc_hd__o2111ai_1)
   0.86    3.58 ^ _1490_/Y (sky130_fd_sc_hd__nor4_1)
   0.28    3.87 v _1491_/Y (sky130_fd_sc_hd__nor2_1)
   0.30    4.17 v _2396_/X (sky130_fd_sc_hd__a22o_1)
   0.00    4.17 v _3169_/D (sky130_fd_sc_hd__dfxtp_1)
           4.17   data arrival time

  10.00   10.00   clock clock (rise edge)
   0.00   10.00   clock network delay (ideal)
  -0.20    9.80   clock uncertainty
   0.00    9.80   clock reconvergence pessimism
           9.80 ^ _3169_/CLK (sky130_fd_sc_hd__dfxtp_1)
  -0.12    9.68   library setup time
           9.68   data required time
---------------------------------------------------------
           9.68   data required time
          -4.17   data arrival time
---------------------------------------------------------
           5.52   slack (MET)


Startpoint: resetn (input port clocked by clock)
Endpoint: _3241_ (rising edge-triggered flip-flop clocked by clock)
Path Group: clock
Path Type: max

  Delay    Time   Description
---------------------------------------------------------
   0.00    0.00   clock clock (rise edge)
   0.00    0.00   clock network delay (ideal)
   1.00    1.00 ^ input external delay
   0.00    1.00 ^ resetn (in)
   0.93    1.93 v _2526_/Y (sky130_fd_sc_hd__clkinv_1)
   0.49    2.42 ^ _1406_/Y (sky130_fd_sc_hd__nor2_1)
   0.31    2.73 v _1408_/Y (sky130_fd_sc_hd__o2111ai_1)
   0.86    3.58 ^ _1409_/Y (sky130_fd_sc_hd__nor4_1)
   0.28    3.87 v _1410_/Y (sky130_fd_sc_hd__nor2_1)
   0.30    4.17 v _2388_/X (sky130_fd_sc_hd__a22o_1)
   0.00    4.17 v _3241_/D (sky130_fd_sc_hd__dfxtp_1)
           4.17   data arrival time

  10.00   10.00   clock clock (rise edge)
   0.00   10.00   clock network delay (ideal)
  -0.20    9.80   clock uncertainty
   0.00    9.80   clock reconvergence pessimism
           9.80 ^ _3241_/CLK (sky130_fd_sc_hd__dfxtp_1)
  -0.12    9.68   library setup time
           9.68   data required time
---------------------------------------------------------
           9.68   data required time
          -4.17   data arrival time
---------------------------------------------------------
           5.52   slack (MET)


