Startpoint: __dut__.__uuf__._2633_
            (rising edge-triggered flip-flop clocked by clock)
Endpoint: __dut__.__uuf__._3215_
          (rising edge-triggered flip-flop clocked by clock)
Path Group: clock
Path Type: max

  Delay    Time   Description
---------------------------------------------------------
   0.00    0.00   clock clock (rise edge)
   0.69    0.69   clock network delay (propagated)
   0.00    0.69 ^ __dut__.__uuf__._2633_/CLK (sky130_fd_sc_hd__dfxtp_1)
   0.50    1.19 ^ __dut__.__uuf__._2633_/Q (sky130_fd_sc_hd__dfxtp_1)
   0.41    1.60 ^ __dut__.__uuf__._1690_/X (sky130_fd_sc_hd__and3_1)
   0.24    1.83 ^ __dut__.__uuf__._2044_/X (sky130_fd_sc_hd__or3_1)
   0.38    2.21 ^ __dut__.__uuf__._1394_/X (sky130_fd_sc_hd__o2111a_1)
   0.53    2.74 v __dut__.__uuf__._1458_/X (sky130_fd_sc_hd__or4b_1)
   0.75    3.49 ^ __dut__.__uuf__._1616_/Y (sky130_fd_sc_hd__nor3_1)
   0.32    3.81 v __dut__.__uuf__._1617_/Y (sky130_fd_sc_hd__nor2_1)
   0.26    4.08 v __dut__.__uuf__._1624_/X (sky130_fd_sc_hd__a22o_1)
   0.27    4.35 v __dut__._0643_/X (sky130_fd_sc_hd__mux2_1)
   0.00    4.35 v __dut__.__uuf__._3215_/D (sky130_fd_sc_hd__dfxtp_1)
           4.35   data arrival time

  10.00   10.00   clock clock (rise edge)
   0.69   10.69   clock network delay (propagated)
  -0.20   10.49   clock uncertainty
   0.00   10.49   clock reconvergence pessimism
          10.49 ^ __dut__.__uuf__._3215_/CLK (sky130_fd_sc_hd__dfxtp_1)
  -0.11   10.38   library setup time
          10.38   data required time
---------------------------------------------------------
          10.38   data required time
          -4.35   data arrival time
---------------------------------------------------------
           6.03   slack (MET)


Startpoint: _229_ (rising edge-triggered flip-flop clocked by tck')
Endpoint: tdo (output port clocked by tck)
Path Group: tck
Path Type: max

  Delay    Time   Description
---------------------------------------------------------
  50.00   50.00   clock tck' (rise edge)
   0.92   50.92   clock network delay (propagated)
   0.00   50.92 ^ _229_/CLK (sky130_fd_sc_hd__dfxtp_1)
   0.28   51.21 v _229_/Q (sky130_fd_sc_hd__dfxtp_1)
   0.11   51.32 v _187_/X (sky130_fd_sc_hd__lpflow_isobufsrc_1)
   0.38   51.70 ^ _188_/Y (sky130_fd_sc_hd__a2111oi_0)
   0.13   51.83 v _190_/Y (sky130_fd_sc_hd__o31ai_1)
   0.00   51.83 v tdo (out)
          51.83   data arrival time

 100.00  100.00   clock tck (rise edge)
   0.00  100.00   clock network delay (propagated)
  -0.20   99.80   clock uncertainty
   0.00   99.80   clock reconvergence pessimism
  -1.00   98.80   output external delay
          98.80   data required time
---------------------------------------------------------
          98.80   data required time
         -51.83   data arrival time
---------------------------------------------------------
          46.97   slack (MET)


